=====================================================================
== F:\SteamLibrary\steamapps\common\DayZServer\DayZServer_x64.exe
== DayZServer_x64.exe -config=serverDZ.cfg -port=2302 -profiles=ServerProfile -dologs -adminlog -netlog -freezecheck -scrAllowFileWrite -filePatching "-mod=@CF;@COT;@BuilderItems;@BBP;@VPP-Admin-Tools;@ParagonGearandArmor;@ParagonStorage;@BucaWeapons;@PVPMovement;@NoFallDamage;@NoWeaponSway;@UnlimitedStamina;@HoverLoot;@MZKOTH;@DayZ-Expansion-Spawn-Selection;@MPG_Spawner"
=====================================================================
Exe timestamp: 2026/01/13 20:39:47
Current time:  2026/01/16 14:49:00
Version 1.28.161464
=====================================================================

14:49:00.334 String "STR_server_shutdown" listed twice in "Global"
14:49:00.343 Localization not present: STR_DATE_FORMAT_SHORT
14:49:00.343 Localization not present: STR_TIME_FORMAT
14:49:00.343 Localization not present: STR_CONFIG_CONTROLLER_NORMAL_LOOK
14:49:00.343 Localization not present: STR_CONFIG_CONTROLLER_REVERSED_LOOK
14:49:00.343 Localization not present: STR_MP_VALIDERROR
14:49:00.343 Localization not present: STR_MP_CONNECTION_LOOSING
14:49:00.343 Localization not present: STR_MSG_MP_NO_PASSWORD
14:49:00.343 Localization not present: STR_MSG_LAUNCH_GAME
14:49:00.343 Localization not present: STR_LOAD_INIT
14:49:00.343 Localization not present: STR_LOAD_WORLD
14:49:00.343 Localization not present: STR_LOAD_GAME
14:49:00.343 Localization not present: STR_SAVE_GAME
14:49:00.343 Localization not present: STR_MP_CONNECT
14:49:00.343 Localization not present: STR_MP_DISCONNECT
14:49:00.343 Localization not present: STR_MP_CONNECTING
14:49:00.343 Localization not present: STR_MP_TIMEOUT
14:49:00.343 Localization not present: STR_DISP_CLIENT_TEXT_EDIT
14:49:00.343 Localization not present: STR_MP_LOGIN_QUEUE_FULL
14:49:00.344 Localization not present: STR_DATE_FORMAT_SHORT
14:49:00.344 Localization not present: STR_TIME_FORMAT
14:49:00.344 Localization not present: STR_CONFIG_CONTROLLER_NORMAL_LOOK
14:49:00.344 Localization not present: STR_CONFIG_CONTROLLER_REVERSED_LOOK
14:49:00.344 Localization not present: STR_MP_VALIDERROR
14:49:00.344 Localization not present: STR_MP_CONNECTION_LOOSING
14:49:00.344 Localization not present: STR_MSG_MP_NO_PASSWORD
14:49:00.344 Localization not present: STR_MSG_LAUNCH_GAME
14:49:00.344 Localization not present: STR_LOAD_INIT
14:49:00.344 Localization not present: STR_LOAD_WORLD
14:49:00.344 Localization not present: STR_LOAD_GAME
14:49:00.344 Localization not present: STR_SAVE_GAME
14:49:00.344 Localization not present: STR_MP_CONNECT
14:49:00.344 Localization not present: STR_MP_DISCONNECT
14:49:00.344 Localization not present: STR_MP_CONNECTING
14:49:00.344 Localization not present: STR_MP_TIMEOUT
14:49:00.344 Localization not present: STR_DISP_CLIENT_TEXT_EDIT
14:49:00.344 Localization not present: STR_MP_LOGIN_QUEUE_FULL
14:49:00.353 Initializing stats manager.
14:49:00.353 Stats config disabled.
14:49:00.863 Conflicting addon Paragon_Safe in 'ParagonStorage\bigsafe\', previous definition in 'ParagonStorage\safe\'
14:49:01.114 Conflicting addon BuilderItems_StaticItems in '@BuilderItems\Addons\staticitems\', previous definition in '@BuilderItems\Addons\staticitems\weapons\'
14:49:01.116 Conflicting addon BuilderItems_rocks_sakhal in 'BuilderItems\structures_sakhal\', previous definition in 'BuilderItems\rocks_sakhal\'
14:49:01.137 String "STR_COT_WEATHER_MODULE_STORM" listed twice in "Global"
14:49:01.624 Conflicting addon DZ_Weapons_Shotguns_MP133 in 'DZ\weapons\shotguns\mp133\', previous definition in 'DZ\weapons\shotguns\remington_r12\'
14:49:01.641 Warning Message: Addon 'DayZExpansion_SpawnSelection_GUI' requires addon 'DayZExpansion_Core_GUI'
14:49:07.156 Warning Message: Addon 'DayZExpansion_SpawnSelection_Scripts' requires addon 'DayZExpansion_Core_Scripts'
14:49:07.163 Updating base class All->AllVehicles, by DZ\data\config.bin/CfgVehicles/Man/
14:49:07.208 Updating base class ->Container_Base, by DZ\gear\camping\config.bin/CfgVehicles/WoodenCrate/
14:49:07.208 Updating base class ->Inventory_Base, by DZ\gear\camping\config.bin/CfgVehicles/Spotlight/
14:49:07.215 Updating base class Name->NameIcon, by DZ\gear\navigation\config.bin/CfgLocationTypes/Hill/
14:49:07.215 Updating base class Hill->NameIcon, by DZ\gear\navigation\config.bin/CfgLocationTypes/ViewPoint/
14:49:07.215 Updating base class Hill->NameIcon, by DZ\gear\navigation\config.bin/CfgLocationTypes/RockArea/
14:49:07.215 Updating base class Hill->NameIcon, by DZ\gear\navigation\config.bin/CfgLocationTypes/BorderCrossing/
14:49:07.215 Updating base class Hill->NameIcon, by DZ\gear\navigation\config.bin/CfgLocationTypes/VegetationBroadleaf/
14:49:07.215 Updating base class Hill->NameIcon, by DZ\gear\navigation\config.bin/CfgLocationTypes/VegetationFir/
14:49:07.215 Updating base class Hill->NameIcon, by DZ\gear\navigation\config.bin/CfgLocationTypes/VegetationPalm/
14:49:07.215 Updating base class Hill->NameIcon, by DZ\gear\navigation\config.bin/CfgLocationTypes/VegetationVineyard/
14:49:07.297 Updating base class ->ItemOptics, by DZ\weapons\attachments\optics\config.bin/cfgVehicles/ItemOptics_Base/
14:49:07.301 Updating base class ->Rifle_Base, by DZ\weapons\firearms\m4\config.bin/cfgWeapons/M4A1_Base/
14:49:07.301 Updating base class ->M4A1_Base, by DZ\weapons\firearms\m4\config.bin/cfgWeapons/M4A1/
14:49:07.304 Updating base class Weather->, by DZ\worlds\chernarusplus\world\config.bin/CfgWorlds/CAWorld/Weather/
14:49:07.304 Updating base class Overcast->, by DZ\worlds\chernarusplus\world\config.bin/CfgWorlds/CAWorld/Weather/Overcast/
14:49:07.306 Updating base class ->Names, by JM\COT\GUI\config.bin/CfgWorlds/ChernarusPlus/Names/
14:49:07.306 Updating base class ->Settlement_Chernogorsk, by JM\COT\GUI\config.bin/CfgWorlds/ChernarusPlus/Names/Settlement_Chernogorsk/
14:49:07.306 Updating base class ->Settlement_Novodmitrovsk, by JM\COT\GUI\config.bin/CfgWorlds/ChernarusPlus/Names/Settlement_Novodmitrovsk/
14:49:07.306 Updating base class ->Settlement_Novoselki, by JM\COT\GUI\config.bin/CfgWorlds/ChernarusPlus/Names/Settlement_Novoselki/
14:49:07.306 Updating base class ->Settlement_Dubovo, by JM\COT\GUI\config.bin/CfgWorlds/ChernarusPlus/Names/Settlement_Dubovo/
14:49:07.306 Updating base class ->Settlement_Vysotovo, by JM\COT\GUI\config.bin/CfgWorlds/ChernarusPlus/Names/Settlement_Vysotovo/
14:49:07.306 Updating base class ->Settlement_Zelenogorsk, by JM\COT\GUI\config.bin/CfgWorlds/ChernarusPlus/Names/Settlement_Zelenogorsk/
14:49:07.306 Updating base class ->Settlement_Berezino, by JM\COT\GUI\config.bin/CfgWorlds/ChernarusPlus/Names/Settlement_Berezino/
14:49:07.306 Updating base class ->Settlement_Elektrozavodsk, by JM\COT\GUI\config.bin/CfgWorlds/ChernarusPlus/Names/Settlement_Elektrozavodsk/
14:49:07.306 Updating base class ->Settlement_NovayaPetrovka, by JM\COT\GUI\config.bin/CfgWorlds/ChernarusPlus/Names/Settlement_NovayaPetrovka/
14:49:07.306 Updating base class ->Settlement_Gorka, by JM\COT\GUI\config.bin/CfgWorlds/ChernarusPlus/Names/Settlement_Gorka/
14:49:07.306 Updating base class ->Settlement_Solnechny, by JM\COT\GUI\config.bin/CfgWorlds/ChernarusPlus/Names/Settlement_Solnechny/
14:49:07.306 Updating base class ->Settlement_StarySobor, by JM\COT\GUI\config.bin/CfgWorlds/ChernarusPlus/Names/Settlement_StarySobor/
14:49:07.306 Updating base class ->Settlement_Vybor, by JM\COT\GUI\config.bin/CfgWorlds/ChernarusPlus/Names/Settlement_Vybor/
14:49:07.306 Updating base class ->Settlement_Severograd, by JM\COT\GUI\config.bin/CfgWorlds/ChernarusPlus/Names/Settlement_Severograd/
14:49:07.306 Updating base class ->Settlement_Bor, by JM\COT\GUI\config.bin/CfgWorlds/ChernarusPlus/Names/Settlement_Bor/
14:49:07.306 Updating base class ->Settlement_Svetloyarsk, by JM\COT\GUI\config.bin/CfgWorlds/ChernarusPlus/Names/Settlement_Svetloyarsk/
14:49:07.306 Updating base class ->Settlement_Krasnostav, by JM\COT\GUI\config.bin/CfgWorlds/ChernarusPlus/Names/Settlement_Krasnostav/
14:49:07.306 Updating base class ->Settlement_ChernayaPolyana, by JM\COT\GUI\config.bin/CfgWorlds/ChernarusPlus/Names/Settlement_ChernayaPolyana/
14:49:07.306 Updating base class ->Settlement_Polyana, by JM\COT\GUI\config.bin/CfgWorlds/ChernarusPlus/Names/Settlement_Polyana/
14:49:07.306 Updating base class ->Settlement_Tulga, by JM\COT\GUI\config.bin/CfgWorlds/ChernarusPlus/Names/Settlement_Tulga/
14:49:07.306 Updating base class ->Settlement_Msta, by JM\COT\GUI\config.bin/CfgWorlds/ChernarusPlus/Names/Settlement_Msta/
14:49:07.306 Updating base class ->Settlement_Staroye, by JM\COT\GUI\config.bin/CfgWorlds/ChernarusPlus/Names/Settlement_Staroye/
14:49:07.306 Updating base class ->Settlement_Shakhovka, by JM\COT\GUI\config.bin/CfgWorlds/ChernarusPlus/Names/Settlement_Shakhovka/
14:49:07.306 Updating base class ->Settlement_Dolina, by JM\COT\GUI\config.bin/CfgWorlds/ChernarusPlus/Names/Settlement_Dolina/
14:49:07.306 Updating base class ->Settlement_Orlovets, by JM\COT\GUI\config.bin/CfgWorlds/ChernarusPlus/Names/Settlement_Orlovets/
14:49:07.306 Updating base class ->Settlement_NovySobor, by JM\COT\GUI\config.bin/CfgWorlds/ChernarusPlus/Names/Settlement_NovySobor/
14:49:07.306 Updating base class ->Settlement_Kabanino, by JM\COT\GUI\config.bin/CfgWorlds/ChernarusPlus/Names/Settlement_Kabanino/
14:49:07.306 Updating base class ->Settlement_Mogilevka, by JM\COT\GUI\config.bin/CfgWorlds/ChernarusPlus/Names/Settlement_Mogilevka/
14:49:07.306 Updating base class ->Settlement_Nadezhdino, by JM\COT\GUI\config.bin/CfgWorlds/ChernarusPlus/Names/Settlement_Nadezhdino/
14:49:07.306 Updating base class ->Settlement_Guglovo, by JM\COT\GUI\config.bin/CfgWorlds/ChernarusPlus/Names/Settlement_Guglovo/
14:49:07.306 Updating base class ->Settlement_Kamyshovo, by JM\COT\GUI\config.bin/CfgWorlds/ChernarusPlus/Names/Settlement_Kamyshovo/
14:49:07.306 Updating base class ->Settlement_Pusta, by JM\COT\GUI\config.bin/CfgWorlds/ChernarusPlus/Names/Settlement_Pusta/
14:49:07.306 Updating base class ->Settlement_Dubrovka, by JM\COT\GUI\config.bin/CfgWorlds/ChernarusPlus/Names/Settlement_Dubrovka/
14:49:07.306 Updating base class ->Settlement_VyshnayaDubrovka, by JM\COT\GUI\config.bin/CfgWorlds/ChernarusPlus/Names/Settlement_VyshnayaDubrovka/
14:49:07.306 Updating base class ->Settlement_Khelm, by JM\COT\GUI\config.bin/CfgWorlds/ChernarusPlus/Names/Settlement_Khelm/
14:49:07.306 Updating base class ->Settlement_Olsha, by JM\COT\GUI\config.bin/CfgWorlds/ChernarusPlus/Names/Settlement_Olsha/
14:49:07.306 Updating base class ->Settlement_Gvozdno, by JM\COT\GUI\config.bin/CfgWorlds/ChernarusPlus/Names/Settlement_Gvozdno/
14:49:07.306 Updating base class ->Settlement_Grishino, by JM\COT\GUI\config.bin/CfgWorlds/ChernarusPlus/Names/Settlement_Grishino/
14:49:07.306 Updating base class ->Settlement_Rogovo, by JM\COT\GUI\config.bin/CfgWorlds/ChernarusPlus/Names/Settlement_Rogovo/
14:49:07.306 Updating base class ->Settlement_Pogorevka, by JM\COT\GUI\config.bin/CfgWorlds/ChernarusPlus/Names/Settlement_Pogorevka/
14:49:07.306 Updating base class ->Settlement_Pustoshka, by JM\COT\GUI\config.bin/CfgWorlds/ChernarusPlus/Names/Settlement_Pustoshka/
14:49:07.306 Updating base class ->Settlement_Kozlovka, by JM\COT\GUI\config.bin/CfgWorlds/ChernarusPlus/Names/Settlement_Kozlovka/
14:49:07.306 Updating base class ->Settlement_Karmanovka, by JM\COT\GUI\config.bin/CfgWorlds/ChernarusPlus/Names/Settlement_Karmanovka/
14:49:07.306 Updating base class ->Settlement_Balota, by JM\COT\GUI\config.bin/CfgWorlds/ChernarusPlus/Names/Settlement_Balota/
14:49:07.306 Updating base class ->Settlement_Komarovo, by JM\COT\GUI\config.bin/CfgWorlds/ChernarusPlus/Names/Settlement_Komarovo/
14:49:07.306 Updating base class ->Settlement_Kamenka, by JM\COT\GUI\config.bin/CfgWorlds/ChernarusPlus/Names/Settlement_Kamenka/
14:49:07.306 Updating base class ->Settlement_Myshkino, by JM\COT\GUI\config.bin/CfgWorlds/ChernarusPlus/Names/Settlement_Myshkino/
14:49:07.306 Updating base class ->Settlement_Pavlovo, by JM\COT\GUI\config.bin/CfgWorlds/ChernarusPlus/Names/Settlement_Pavlovo/
14:49:07.306 Updating base class ->Settlement_Lopatino, by JM\COT\GUI\config.bin/CfgWorlds/ChernarusPlus/Names/Settlement_Lopatino/
14:49:07.306 Updating base class ->Settlement_Vyshnoye, by JM\COT\GUI\config.bin/CfgWorlds/ChernarusPlus/Names/Settlement_Vyshnoye/
14:49:07.306 Updating base class ->Settlement_Prigorodki, by JM\COT\GUI\config.bin/CfgWorlds/ChernarusPlus/Names/Settlement_Prigorodki/
14:49:07.306 Updating base class ->Settlement_Drozhino, by JM\COT\GUI\config.bin/CfgWorlds/ChernarusPlus/Names/Settlement_Drozhino/
14:49:07.306 Updating base class ->Settlement_Sosnovka, by JM\COT\GUI\config.bin/CfgWorlds/ChernarusPlus/Names/Settlement_Sosnovka/
14:49:07.306 Updating base class ->Settlement_Nizhneye, by JM\COT\GUI\config.bin/CfgWorlds/ChernarusPlus/Names/Settlement_Nizhneye/
14:49:07.306 Updating base class ->Settlement_Pulkovo, by JM\COT\GUI\config.bin/CfgWorlds/ChernarusPlus/Names/Settlement_Pulkovo/
14:49:07.306 Updating base class ->Settlement_Berezhki, by JM\COT\GUI\config.bin/CfgWorlds/ChernarusPlus/Names/Settlement_Berezhki/
14:49:07.306 Updating base class ->Settlement_Turovo, by JM\COT\GUI\config.bin/CfgWorlds/ChernarusPlus/Names/Settlement_Turovo/
14:49:07.306 Updating base class ->Settlement_BelayaPolyana, by JM\COT\GUI\config.bin/CfgWorlds/ChernarusPlus/Names/Settlement_BelayaPolyana/
14:49:07.306 Updating base class ->Settlement_Dobroye, by JM\COT\GUI\config.bin/CfgWorlds/ChernarusPlus/Names/Settlement_Dobroye/
14:49:07.306 Updating base class ->Settlement_Nagornoye, by JM\COT\GUI\config.bin/CfgWorlds/ChernarusPlus/Names/Settlement_Nagornoye/
14:49:07.306 Updating base class ->Settlement_Svergino, by JM\COT\GUI\config.bin/CfgWorlds/ChernarusPlus/Names/Settlement_Svergino/
14:49:07.306 Updating base class ->Settlement_Ratnoye, by JM\COT\GUI\config.bin/CfgWorlds/ChernarusPlus/Names/Settlement_Ratnoye/
14:49:07.306 Updating base class ->Settlement_Kamensk, by JM\COT\GUI\config.bin/CfgWorlds/ChernarusPlus/Names/Settlement_Kamensk/
14:49:07.306 Updating base class ->Settlement_Krasnoye, by JM\COT\GUI\config.bin/CfgWorlds/ChernarusPlus/Names/Settlement_Krasnoye/
14:49:07.306 Updating base class ->Settlement_StaryYar, by JM\COT\GUI\config.bin/CfgWorlds/ChernarusPlus/Names/Settlement_StaryYar/
14:49:07.306 Updating base class ->Settlement_Polesovo, by JM\COT\GUI\config.bin/CfgWorlds/ChernarusPlus/Names/Settlement_Polesovo/
14:49:07.306 Updating base class ->Settlement_Tisy, by JM\COT\GUI\config.bin/CfgWorlds/ChernarusPlus/Names/Settlement_Tisy/
14:49:07.306 Updating base class ->Settlement_Topolniki, by JM\COT\GUI\config.bin/CfgWorlds/ChernarusPlus/Names/Settlement_Topolniki/
14:49:07.306 Updating base class ->Settlement_Zaprudnoye, by JM\COT\GUI\config.bin/CfgWorlds/ChernarusPlus/Names/Settlement_Zaprudnoye/
14:49:07.306 Updating base class ->Settlement_Sinystok, by JM\COT\GUI\config.bin/CfgWorlds/ChernarusPlus/Names/Settlement_Sinystok/
14:49:07.306 Updating base class ->Settlement_Vavilovo, by JM\COT\GUI\config.bin/CfgWorlds/ChernarusPlus/Names/Settlement_Vavilovo/
14:49:07.306 Updating base class ->Settlement_Kumyrna, by JM\COT\GUI\config.bin/CfgWorlds/ChernarusPlus/Names/Settlement_Kumyrna/
14:49:07.306 Updating base class ->Settlement_Kalinovka, by JM\COT\GUI\config.bin/CfgWorlds/ChernarusPlus/Names/Settlement_Kalinovka/
14:49:07.306 Updating base class ->Settlement_Bogatyrka, by JM\COT\GUI\config.bin/CfgWorlds/ChernarusPlus/Names/Settlement_Bogatyrka/
14:49:07.306 Updating base class ->Settlement_SvyatoyRomanSkiResort, by JM\COT\GUI\config.bin/CfgWorlds/ChernarusPlus/Names/Settlement_SvyatoyRomanSkiResort/
14:49:07.306 Updating base class ->Settlement_SKVSChBiathlonArena, by JM\COT\GUI\config.bin/CfgWorlds/ChernarusPlus/Names/Settlement_SKVSChBiathlonArena/
14:49:07.306 Updating base class ->Settlement_Zvir, by JM\COT\GUI\config.bin/CfgWorlds/ChernarusPlus/Names/Settlement_Zvir/
14:49:07.306 Updating base class ->Settlement_Zabolotye, by JM\COT\GUI\config.bin/CfgWorlds/ChernarusPlus/Names/Settlement_Zabolotye/
14:49:07.306 Updating base class ->Settlement_Galkino, by JM\COT\GUI\config.bin/CfgWorlds/ChernarusPlus/Names/Settlement_Galkino/
14:49:07.306 Updating base class ->Camp_Arsenovo, by JM\COT\GUI\config.bin/CfgWorlds/ChernarusPlus/Names/Camp_Arsenovo/
14:49:07.306 Updating base class ->Camp_Stroytel, by JM\COT\GUI\config.bin/CfgWorlds/ChernarusPlus/Names/Camp_Stroytel/
14:49:07.306 Updating base class ->Camp_Romashka, by JM\COT\GUI\config.bin/CfgWorlds/ChernarusPlus/Names/Camp_Romashka/
14:49:07.306 Updating base class ->Camp_Kometa, by JM\COT\GUI\config.bin/CfgWorlds/ChernarusPlus/Names/Camp_Kometa/
14:49:07.306 Updating base class ->Camp_Druzhba, by JM\COT\GUI\config.bin/CfgWorlds/ChernarusPlus/Names/Camp_Druzhba/
14:49:07.306 Updating base class ->Camp_Nadezhda, by JM\COT\GUI\config.bin/CfgWorlds/ChernarusPlus/Names/Camp_Nadezhda/
14:49:07.306 Updating base class ->Camp_YouthPioneer, by JM\COT\GUI\config.bin/CfgWorlds/ChernarusPlus/Names/Camp_YouthPioneer/
14:49:07.306 Updating base class ->Camp_ProudChernarus, by JM\COT\GUI\config.bin/CfgWorlds/ChernarusPlus/Names/Camp_ProudChernarus/
14:49:07.306 Updating base class ->Camp_Shkolnik, by JM\COT\GUI\config.bin/CfgWorlds/ChernarusPlus/Names/Camp_Shkolnik/
14:49:07.306 Updating base class ->Camp_Pobeda, by JM\COT\GUI\config.bin/CfgWorlds/ChernarusPlus/Names/Camp_Pobeda/
14:49:07.306 Updating base class ->Camp_Metalurg, by JM\COT\GUI\config.bin/CfgWorlds/ChernarusPlus/Names/Camp_Metalurg/
14:49:07.306 Updating base class ->Hill_Zelenayagora, by JM\COT\GUI\config.bin/CfgWorlds/ChernarusPlus/Names/Hill_Zelenayagora/
14:49:07.306 Updating base class ->Local_Dichina, by JM\COT\GUI\config.bin/CfgWorlds/ChernarusPlus/Names/Local_Dichina/
14:49:07.306 Updating base class ->Local_Novylug, by JM\COT\GUI\config.bin/CfgWorlds/ChernarusPlus/Names/Local_Novylug/
14:49:07.306 Updating base class ->Local_Staryeluga, by JM\COT\GUI\config.bin/CfgWorlds/ChernarusPlus/Names/Local_Staryeluga/
14:49:07.306 Updating base class ->Hill_Vysota, by JM\COT\GUI\config.bin/CfgWorlds/ChernarusPlus/Names/Hill_Vysota/
14:49:07.306 Updating base class ->Hill_Kopyto, by JM\COT\GUI\config.bin/CfgWorlds/ChernarusPlus/Names/Hill_Kopyto/
14:49:07.306 Updating base class ->Local_Grubyeskaly, by JM\COT\GUI\config.bin/CfgWorlds/ChernarusPlus/Names/Local_Grubyeskaly/
14:49:07.306 Updating base class ->Local_Chernyles, by JM\COT\GUI\config.bin/CfgWorlds/ChernarusPlus/Names/Local_Chernyles/
14:49:07.306 Updating base class ->Hill_Altar, by JM\COT\GUI\config.bin/CfgWorlds/ChernarusPlus/Names/Hill_Altar/
14:49:07.306 Updating base class ->Local_RadioZenit, by JM\COT\GUI\config.bin/CfgWorlds/ChernarusPlus/Names/Local_RadioZenit/
14:49:07.306 Updating base class ->Hill_PikKozlova, by JM\COT\GUI\config.bin/CfgWorlds/ChernarusPlus/Names/Hill_PikKozlova/
14:49:07.306 Updating base class ->Local_Pustoykhrebet, by JM\COT\GUI\config.bin/CfgWorlds/ChernarusPlus/Names/Local_Pustoykhrebet/
14:49:07.306 Updating base class ->Hill_Bashnya, by JM\COT\GUI\config.bin/CfgWorlds/ChernarusPlus/Names/Hill_Bashnya/
14:49:07.306 Updating base class ->Hill_Veresnik, by JM\COT\GUI\config.bin/CfgWorlds/ChernarusPlus/Names/Hill_Veresnik/
14:49:07.306 Updating base class ->Hill_Kurgan, by JM\COT\GUI\config.bin/CfgWorlds/ChernarusPlus/Names/Hill_Kurgan/
14:49:07.306 Updating base class ->Hill_Kustryk, by JM\COT\GUI\config.bin/CfgWorlds/ChernarusPlus/Names/Hill_Kustryk/
14:49:07.306 Updating base class ->Hill_Vetryanayagora, by JM\COT\GUI\config.bin/CfgWorlds/ChernarusPlus/Names/Hill_Vetryanayagora/
14:49:07.306 Updating base class ->Hill_Kalmyk, by JM\COT\GUI\config.bin/CfgWorlds/ChernarusPlus/Names/Hill_Kalmyk/
14:49:07.306 Updating base class ->Hill_PopIvan, by JM\COT\GUI\config.bin/CfgWorlds/ChernarusPlus/Names/Hill_PopIvan/
14:49:07.306 Updating base class ->Hill_Erbenka, by JM\COT\GUI\config.bin/CfgWorlds/ChernarusPlus/Names/Hill_Erbenka/
14:49:07.306 Updating base class ->Local_Lesnoykhrebet, by JM\COT\GUI\config.bin/CfgWorlds/ChernarusPlus/Names/Local_Lesnoykhrebet/
14:49:07.306 Updating base class ->Hill_Vysokiykamen, by JM\COT\GUI\config.bin/CfgWorlds/ChernarusPlus/Names/Hill_Vysokiykamen/
14:49:07.306 Updating base class ->Hill_Dobry, by JM\COT\GUI\config.bin/CfgWorlds/ChernarusPlus/Names/Hill_Dobry/
14:49:07.306 Updating base class ->Hill_Baranchik, by JM\COT\GUI\config.bin/CfgWorlds/ChernarusPlus/Names/Hill_Baranchik/
14:49:07.306 Updating base class ->Hill_Malinovka, by JM\COT\GUI\config.bin/CfgWorlds/ChernarusPlus/Names/Hill_Malinovka/
14:49:07.306 Updating base class ->Hill_Dubina, by JM\COT\GUI\config.bin/CfgWorlds/ChernarusPlus/Names/Hill_Dubina/
14:49:07.306 Updating base class ->Hill_Klen, by JM\COT\GUI\config.bin/CfgWorlds/ChernarusPlus/Names/Hill_Klen/
14:49:07.306 Updating base class ->Hill_Chernayagora, by JM\COT\GUI\config.bin/CfgWorlds/ChernarusPlus/Names/Hill_Chernayagora/
14:49:07.306 Updating base class ->Ruin_Zolotar, by JM\COT\GUI\config.bin/CfgWorlds/ChernarusPlus/Names/Ruin_Zolotar/
14:49:07.306 Updating base class ->Hill_Ostry, by JM\COT\GUI\config.bin/CfgWorlds/ChernarusPlus/Names/Hill_Ostry/
14:49:07.306 Updating base class ->Hill_Olsha, by JM\COT\GUI\config.bin/CfgWorlds/ChernarusPlus/Names/Hill_Olsha/
14:49:07.306 Updating base class ->Marine_Tikhiyzaliv, by JM\COT\GUI\config.bin/CfgWorlds/ChernarusPlus/Names/Marine_Tikhiyzaliv/
14:49:07.306 Updating base class ->Marine_Mutnyizaliv, by JM\COT\GUI\config.bin/CfgWorlds/ChernarusPlus/Names/Marine_Mutnyizaliv/
14:49:07.306 Updating base class ->Marine_Chernyzaliv, by JM\COT\GUI\config.bin/CfgWorlds/ChernarusPlus/Names/Marine_Chernyzaliv/
14:49:07.306 Updating base class ->Marine_Zelenyzaliv, by JM\COT\GUI\config.bin/CfgWorlds/ChernarusPlus/Names/Marine_Zelenyzaliv/
14:49:07.306 Updating base class ->Marine_Skalistyproliv, by JM\COT\GUI\config.bin/CfgWorlds/ChernarusPlus/Names/Marine_Skalistyproliv/
14:49:07.306 Updating base class ->Marine_Nizhniyzaliv, by JM\COT\GUI\config.bin/CfgWorlds/ChernarusPlus/Names/Marine_Nizhniyzaliv/
14:49:07.306 Updating base class ->Marine_ZalivGuba, by JM\COT\GUI\config.bin/CfgWorlds/ChernarusPlus/Names/Marine_ZalivGuba/
14:49:07.306 Updating base class ->Marine_Rify, by JM\COT\GUI\config.bin/CfgWorlds/ChernarusPlus/Names/Marine_Rify/
14:49:07.306 Updating base class ->Marine_Ivovoyeozero, by JM\COT\GUI\config.bin/CfgWorlds/ChernarusPlus/Names/Marine_Ivovoyeozero/
14:49:07.306 Updating base class ->Marine_Chernoyeozero, by JM\COT\GUI\config.bin/CfgWorlds/ChernarusPlus/Names/Marine_Chernoyeozero/
14:49:07.306 Updating base class ->Marine_PlotinaTopolka, by JM\COT\GUI\config.bin/CfgWorlds/ChernarusPlus/Names/Marine_PlotinaTopolka/
14:49:07.306 Updating base class ->Marine_PlotinaPobeda, by JM\COT\GUI\config.bin/CfgWorlds/ChernarusPlus/Names/Marine_PlotinaPobeda/
14:49:07.306 Updating base class ->Marine_PlotinaTishina, by JM\COT\GUI\config.bin/CfgWorlds/ChernarusPlus/Names/Marine_PlotinaTishina/
14:49:07.306 Updating base class ->Marine_Ozerko, by JM\COT\GUI\config.bin/CfgWorlds/ChernarusPlus/Names/Marine_Ozerko/
14:49:07.306 Updating base class ->Marine_Prud, by JM\COT\GUI\config.bin/CfgWorlds/ChernarusPlus/Names/Marine_Prud/
14:49:07.306 Updating base class ->Ruin_Chortovzamok, by JM\COT\GUI\config.bin/CfgWorlds/ChernarusPlus/Names/Ruin_Chortovzamok/
14:49:07.306 Updating base class ->Ruin_Zub, by JM\COT\GUI\config.bin/CfgWorlds/ChernarusPlus/Names/Ruin_Zub/
14:49:07.306 Updating base class ->Ruin_Rog, by JM\COT\GUI\config.bin/CfgWorlds/ChernarusPlus/Names/Ruin_Rog/
14:49:07.306 Updating base class ->Local_Grozovypereval, by JM\COT\GUI\config.bin/CfgWorlds/ChernarusPlus/Names/Local_Grozovypereval/
14:49:07.306 Updating base class ->Local_Sosnovypereval, by JM\COT\GUI\config.bin/CfgWorlds/ChernarusPlus/Names/Local_Sosnovypereval/
14:49:07.306 Updating base class ->Local_PerevalOreshka, by JM\COT\GUI\config.bin/CfgWorlds/ChernarusPlus/Names/Local_PerevalOreshka/
14:49:07.306 Updating base class ->Local_Turovskiypereval, by JM\COT\GUI\config.bin/CfgWorlds/ChernarusPlus/Names/Local_Turovskiypereval/
14:49:07.306 Updating base class ->Local_Tridoliny, by JM\COT\GUI\config.bin/CfgWorlds/ChernarusPlus/Names/Local_Tridoliny/
14:49:07.306 Updating base class ->Local_Grozovyedoly, by JM\COT\GUI\config.bin/CfgWorlds/ChernarusPlus/Names/Local_Grozovyedoly/
14:49:07.306 Updating base class ->Ruin_Klyuch, by JM\COT\GUI\config.bin/CfgWorlds/ChernarusPlus/Names/Ruin_Klyuch/
14:49:07.306 Updating base class ->Hill_Lysayagora, by JM\COT\GUI\config.bin/CfgWorlds/ChernarusPlus/Names/Hill_Lysayagora/
14:49:07.306 Updating base class ->Marine_Glubokoyeozero, by JM\COT\GUI\config.bin/CfgWorlds/ChernarusPlus/Names/Marine_Glubokoyeozero/
14:49:07.306 Updating base class ->Local_Skalka, by JM\COT\GUI\config.bin/CfgWorlds/ChernarusPlus/Names/Local_Skalka/
14:49:07.306 Updating base class ->Local_Vidy, by JM\COT\GUI\config.bin/CfgWorlds/ChernarusPlus/Names/Local_Vidy/
14:49:07.306 Updating base class ->Hill_Tumannyverkh, by JM\COT\GUI\config.bin/CfgWorlds/ChernarusPlus/Names/Hill_Tumannyverkh/
14:49:07.306 Updating base class ->Local_Adamovka, by JM\COT\GUI\config.bin/CfgWorlds/ChernarusPlus/Names/Local_Adamovka/
14:49:07.306 Updating base class ->Hill_Shishok, by JM\COT\GUI\config.bin/CfgWorlds/ChernarusPlus/Names/Hill_Shishok/
14:49:07.306 Updating base class ->Settlement_Skalisty, by JM\COT\GUI\config.bin/CfgWorlds/ChernarusPlus/Names/Settlement_Skalisty/
14:49:07.306 Updating base class ->Ruin_Storozh, by JM\COT\GUI\config.bin/CfgWorlds/ChernarusPlus/Names/Ruin_Storozh/
14:49:07.306 Updating base class ->Local_Drakon, by JM\COT\GUI\config.bin/CfgWorlds/ChernarusPlus/Names/Local_Drakon/
14:49:07.306 Updating base class ->Local_Otmel, by JM\COT\GUI\config.bin/CfgWorlds/ChernarusPlus/Names/Local_Otmel/
14:49:07.306 Updating base class ->Local_MysGolova, by JM\COT\GUI\config.bin/CfgWorlds/ChernarusPlus/Names/Local_MysGolova/
14:49:07.306 Updating base class ->Local_MysKrutoy, by JM\COT\GUI\config.bin/CfgWorlds/ChernarusPlus/Names/Local_MysKrutoy/
14:49:07.306 Updating base class ->Hill_Tokarnya, by JM\COT\GUI\config.bin/CfgWorlds/ChernarusPlus/Names/Hill_Tokarnya/
14:49:07.306 Updating base class ->Hill_Ostrog, by JM\COT\GUI\config.bin/CfgWorlds/ChernarusPlus/Names/Hill_Ostrog/
14:49:07.306 Updating base class ->Local_Maryanka, by JM\COT\GUI\config.bin/CfgWorlds/ChernarusPlus/Names/Local_Maryanka/
14:49:07.306 Updating base class ->Local_Polonina, by JM\COT\GUI\config.bin/CfgWorlds/ChernarusPlus/Names/Local_Polonina/
14:49:07.306 Updating base class ->Local_Kalinka, by JM\COT\GUI\config.bin/CfgWorlds/ChernarusPlus/Names/Local_Kalinka/
14:49:07.306 Updating base class ->Hill_Kikimora, by JM\COT\GUI\config.bin/CfgWorlds/ChernarusPlus/Names/Hill_Kikimora/
14:49:07.306 Updating base class ->Hill_BolshoyKotel, by JM\COT\GUI\config.bin/CfgWorlds/ChernarusPlus/Names/Hill_BolshoyKotel/
14:49:07.306 Updating base class ->Hill_Simurg, by JM\COT\GUI\config.bin/CfgWorlds/ChernarusPlus/Names/Hill_Simurg/
14:49:07.306 Updating base class ->Hill_Volchiypik, by JM\COT\GUI\config.bin/CfgWorlds/ChernarusPlus/Names/Hill_Volchiypik/
14:49:07.306 Updating base class ->Ruin_Krona, by JM\COT\GUI\config.bin/CfgWorlds/ChernarusPlus/Names/Ruin_Krona/
14:49:07.306 Updating base class ->Local_TriKresta, by JM\COT\GUI\config.bin/CfgWorlds/ChernarusPlus/Names/Local_TriKresta/
14:49:07.306 Updating base class ->Local_Rostoki, by JM\COT\GUI\config.bin/CfgWorlds/ChernarusPlus/Names/Local_Rostoki/
14:49:07.306 Updating base class ->Marine_OrlyeOzero, by JM\COT\GUI\config.bin/CfgWorlds/ChernarusPlus/Names/Marine_OrlyeOzero/
14:49:07.306 Updating base class ->Local_Makosh, by JM\COT\GUI\config.bin/CfgWorlds/ChernarusPlus/Names/Local_Makosh/
14:49:07.306 Updating base class ->Local_Klenovyipereval, by JM\COT\GUI\config.bin/CfgWorlds/ChernarusPlus/Names/Local_Klenovyipereval/
14:49:07.306 Updating base class ->Local_Zmeinykhrebet, by JM\COT\GUI\config.bin/CfgWorlds/ChernarusPlus/Names/Local_Zmeinykhrebet/
14:49:07.306 Updating base class ->Hill_Sokol, by JM\COT\GUI\config.bin/CfgWorlds/ChernarusPlus/Names/Hill_Sokol/
14:49:07.306 Updating base class ->Local_Krutyeskaly, by JM\COT\GUI\config.bin/CfgWorlds/ChernarusPlus/Names/Local_Krutyeskaly/
14:49:07.306 Updating base class ->Local_Bogat, by JM\COT\GUI\config.bin/CfgWorlds/ChernarusPlus/Names/Local_Bogat/
14:49:07.306 Updating base class ->Local_Dubnik, by JM\COT\GUI\config.bin/CfgWorlds/ChernarusPlus/Names/Local_Dubnik/
14:49:07.306 Updating base class ->Hill_Viselitsa, by JM\COT\GUI\config.bin/CfgWorlds/ChernarusPlus/Names/Hill_Viselitsa/
14:49:07.306 Updating base class ->Local_Dazhbog, by JM\COT\GUI\config.bin/CfgWorlds/ChernarusPlus/Names/Local_Dazhbog/
14:49:07.306 Updating base class ->Marine_Verbnik, by JM\COT\GUI\config.bin/CfgWorlds/ChernarusPlus/Names/Marine_Verbnik/
14:49:07.306 Updating base class ->Local_Medvezhilugi, by JM\COT\GUI\config.bin/CfgWorlds/ChernarusPlus/Names/Local_Medvezhilugi/
14:49:07.306 Updating base class ->Ruin_Voron, by JM\COT\GUI\config.bin/CfgWorlds/ChernarusPlus/Names/Ruin_Voron/
14:49:07.306 Updating base class ->Ruin_Gnomovzamok, by JM\COT\GUI\config.bin/CfgWorlds/ChernarusPlus/Names/Ruin_Gnomovzamok/
14:49:07.306 Updating base class ->Marine_Glaza, by JM\COT\GUI\config.bin/CfgWorlds/ChernarusPlus/Names/Marine_Glaza/
14:49:07.306 Updating base class ->Local_KarerKrasnayaZarya, by JM\COT\GUI\config.bin/CfgWorlds/ChernarusPlus/Names/Local_KarerKrasnayaZarya/
14:49:07.306 Updating base class ->Local_Matveyevo, by JM\COT\GUI\config.bin/CfgWorlds/ChernarusPlus/Names/Local_Matveyevo/
14:49:07.306 Updating base class ->Local_Kotka, by JM\COT\GUI\config.bin/CfgWorlds/ChernarusPlus/Names/Local_Kotka/
14:49:07.306 Updating base class ->Local_Chernyeskaly, by JM\COT\GUI\config.bin/CfgWorlds/ChernarusPlus/Names/Local_Chernyeskaly/
14:49:07.306 Updating base class ->Hill_SvyatoyRoman, by JM\COT\GUI\config.bin/CfgWorlds/ChernarusPlus/Names/Hill_SvyatoyRoman/
14:49:07.306 Updating base class ->Hill_Koman, by JM\COT\GUI\config.bin/CfgWorlds/ChernarusPlus/Names/Hill_Koman/
14:49:07.306 Updating base class ->Hill_Mayak, by JM\COT\GUI\config.bin/CfgWorlds/ChernarusPlus/Names/Hill_Mayak/
14:49:07.306 Updating base class ->Local_MB_VMC, by JM\COT\GUI\config.bin/CfgWorlds/ChernarusPlus/Names/Local_MB_VMC/
14:49:07.306 Updating base class ->Local_MB_Tisy, by JM\COT\GUI\config.bin/CfgWorlds/ChernarusPlus/Names/Local_MB_Tisy/
14:49:07.306 Updating base class ->Local_MB_Kamensk, by JM\COT\GUI\config.bin/CfgWorlds/ChernarusPlus/Names/Local_MB_Kamensk/
14:49:07.306 Updating base class ->Local_MB_Zeleno, by JM\COT\GUI\config.bin/CfgWorlds/ChernarusPlus/Names/Local_MB_Zeleno/
14:49:07.306 Updating base class ->Local_MB_Pavlovo, by JM\COT\GUI\config.bin/CfgWorlds/ChernarusPlus/Names/Local_MB_Pavlovo/
14:49:07.306 Updating base class ->Local_AF_Balota, by JM\COT\GUI\config.bin/CfgWorlds/ChernarusPlus/Names/Local_AF_Balota/
14:49:07.306 Updating base class ->Local_AF_Krasno, by JM\COT\GUI\config.bin/CfgWorlds/ChernarusPlus/Names/Local_AF_Krasno/
14:49:07.306 Updating base class ->Local_AF_Vybor, by JM\COT\GUI\config.bin/CfgWorlds/ChernarusPlus/Names/Local_AF_Vybor/
14:49:07.306 Updating base class ->Settlement_Capital, by JM\COT\GUI\config.bin/CfgWorlds/Sakhal/Names/Settlement_Capital/
14:49:07.306 Updating base class ->Settlement_CityNorth, by JM\COT\GUI\config.bin/CfgWorlds/Sakhal/Names/Settlement_CityNorth/
14:49:07.306 Updating base class ->Settlement_CitySouthEast, by JM\COT\GUI\config.bin/CfgWorlds/Sakhal/Names/Settlement_CitySouthEast/
14:49:07.306 Updating base class ->Settlement_CityAirfield, by JM\COT\GUI\config.bin/CfgWorlds/Sakhal/Names/Settlement_CityAirfield/
14:49:07.306 Updating base class ->Settlement_VillageSW1, by JM\COT\GUI\config.bin/CfgWorlds/Sakhal/Names/Settlement_VillageSW1/
14:49:07.306 Updating base class ->Settlement_VillageSW2, by JM\COT\GUI\config.bin/CfgWorlds/Sakhal/Names/Settlement_VillageSW2/
14:49:07.306 Updating base class ->Settlement_VillageSW3, by JM\COT\GUI\config.bin/CfgWorlds/Sakhal/Names/Settlement_VillageSW3/
14:49:07.306 Updating base class ->Settlement_VillageS1, by JM\COT\GUI\config.bin/CfgWorlds/Sakhal/Names/Settlement_VillageS1/
14:49:07.306 Updating base class ->Settlement_VillageS2, by JM\COT\GUI\config.bin/CfgWorlds/Sakhal/Names/Settlement_VillageS2/
14:49:07.306 Updating base class ->Settlement_VillageS3, by JM\COT\GUI\config.bin/CfgWorlds/Sakhal/Names/Settlement_VillageS3/
14:49:07.306 Updating base class ->Settlement_VillageM1, by JM\COT\GUI\config.bin/CfgWorlds/Sakhal/Names/Settlement_VillageM1/
14:49:07.306 Updating base class ->Settlement_VillageM2, by JM\COT\GUI\config.bin/CfgWorlds/Sakhal/Names/Settlement_VillageM2/
14:49:07.306 Updating base class ->Settlement_VillageM3, by JM\COT\GUI\config.bin/CfgWorlds/Sakhal/Names/Settlement_VillageM3/
14:49:07.306 Updating base class ->Settlement_VillageM4, by JM\COT\GUI\config.bin/CfgWorlds/Sakhal/Names/Settlement_VillageM4/
14:49:07.306 Updating base class ->Settlement_VillageM5, by JM\COT\GUI\config.bin/CfgWorlds/Sakhal/Names/Settlement_VillageM5/
14:49:07.306 Updating base class ->Settlement_VillageSouthEast, by JM\COT\GUI\config.bin/CfgWorlds/Sakhal/Names/Settlement_VillageSouthEast/
14:49:07.306 Updating base class ->Settlement_VillageEast1, by JM\COT\GUI\config.bin/CfgWorlds/Sakhal/Names/Settlement_VillageEast1/
14:49:07.306 Updating base class ->Settlement_VillageEast2, by JM\COT\GUI\config.bin/CfgWorlds/Sakhal/Names/Settlement_VillageEast2/
14:49:07.306 Updating base class ->Settlement_VillageNorthEast1, by JM\COT\GUI\config.bin/CfgWorlds/Sakhal/Names/Settlement_VillageNorthEast1/
14:49:07.306 Updating base class ->Settlement_OreHarbor, by JM\COT\GUI\config.bin/CfgWorlds/Sakhal/Names/Settlement_OreHarbor/
14:49:07.306 Updating base class ->Settlement_VillageNorthEast2, by JM\COT\GUI\config.bin/CfgWorlds/Sakhal/Names/Settlement_VillageNorthEast2/
14:49:07.306 Updating base class ->Settlement_VillageNorth1, by JM\COT\GUI\config.bin/CfgWorlds/Sakhal/Names/Settlement_VillageNorth1/
14:49:07.306 Updating base class ->Settlement_VillageNorth2, by JM\COT\GUI\config.bin/CfgWorlds/Sakhal/Names/Settlement_VillageNorth2/
14:49:07.306 Updating base class ->Settlement_VillageNorth3, by JM\COT\GUI\config.bin/CfgWorlds/Sakhal/Names/Settlement_VillageNorth3/
14:49:07.306 Updating base class ->Settlement_VillageNorth4, by JM\COT\GUI\config.bin/CfgWorlds/Sakhal/Names/Settlement_VillageNorth4/
14:49:07.306 Updating base class ->Settlement_VillageNorthWest1, by JM\COT\GUI\config.bin/CfgWorlds/Sakhal/Names/Settlement_VillageNorthWest1/
14:49:07.306 Updating base class ->Settlement_VillageNorthWest2, by JM\COT\GUI\config.bin/CfgWorlds/Sakhal/Names/Settlement_VillageNorthWest2/
14:49:07.306 Updating base class ->Settlement_VillageNorthWest3, by JM\COT\GUI\config.bin/CfgWorlds/Sakhal/Names/Settlement_VillageNorthWest3/
14:49:07.306 Updating base class ->Settlement_VillageIcyRidge, by JM\COT\GUI\config.bin/CfgWorlds/Sakhal/Names/Settlement_VillageIcyRidge/
14:49:07.306 Updating base class ->Hill_NW1, by JM\COT\GUI\config.bin/CfgWorlds/Sakhal/Names/Hill_NW1/
14:49:07.306 Updating base class ->Hill_NW2, by JM\COT\GUI\config.bin/CfgWorlds/Sakhal/Names/Hill_NW2/
14:49:07.306 Updating base class ->Hill_Volcano, by JM\COT\GUI\config.bin/CfgWorlds/Sakhal/Names/Hill_Volcano/
14:49:07.306 Updating base class ->Hill_N1, by JM\COT\GUI\config.bin/CfgWorlds/Sakhal/Names/Hill_N1/
14:49:07.306 Updating base class ->Hill_N2, by JM\COT\GUI\config.bin/CfgWorlds/Sakhal/Names/Hill_N2/
14:49:07.306 Updating base class ->Hill_M1, by JM\COT\GUI\config.bin/CfgWorlds/Sakhal/Names/Hill_M1/
14:49:07.306 Updating base class ->Hill_M2, by JM\COT\GUI\config.bin/CfgWorlds/Sakhal/Names/Hill_M2/
14:49:07.306 Updating base class ->Hill_E, by JM\COT\GUI\config.bin/CfgWorlds/Sakhal/Names/Hill_E/
14:49:07.306 Updating base class ->Industrial_Quarry, by JM\COT\GUI\config.bin/CfgWorlds/Sakhal/Names/Industrial_Quarry/
14:49:07.306 Updating base class ->Industrial_Geoplant, by JM\COT\GUI\config.bin/CfgWorlds/Sakhal/Names/Industrial_Geoplant/
14:49:07.306 Updating base class ->Island_1, by JM\COT\GUI\config.bin/CfgWorlds/Sakhal/Names/Island_1/
14:49:07.306 Updating base class ->Island_2, by JM\COT\GUI\config.bin/CfgWorlds/Sakhal/Names/Island_2/
14:49:07.306 Updating base class ->Island_3, by JM\COT\GUI\config.bin/CfgWorlds/Sakhal/Names/Island_3/
14:49:07.306 Updating base class ->Island_4, by JM\COT\GUI\config.bin/CfgWorlds/Sakhal/Names/Island_4/
14:49:07.306 Updating base class ->Island_5, by JM\COT\GUI\config.bin/CfgWorlds/Sakhal/Names/Island_5/
14:49:07.306 Updating base class ->Island_6, by JM\COT\GUI\config.bin/CfgWorlds/Sakhal/Names/Island_6/
14:49:07.306 Updating base class ->Island_7, by JM\COT\GUI\config.bin/CfgWorlds/Sakhal/Names/Island_7/
14:49:07.306 Updating base class ->Island_8, by JM\COT\GUI\config.bin/CfgWorlds/Sakhal/Names/Island_8/
14:49:07.306 Updating base class ->Island_9, by JM\COT\GUI\config.bin/CfgWorlds/Sakhal/Names/Island_9/
14:49:07.306 Updating base class ->Island_10, by JM\COT\GUI\config.bin/CfgWorlds/Sakhal/Names/Island_10/
14:49:07.306 Updating base class ->Island_11, by JM\COT\GUI\config.bin/CfgWorlds/Sakhal/Names/Island_11/
14:49:07.306 Updating base class ->Island_12, by JM\COT\GUI\config.bin/CfgWorlds/Sakhal/Names/Island_12/
14:49:07.306 Updating base class ->Island_13, by JM\COT\GUI\config.bin/CfgWorlds/Sakhal/Names/Island_13/
14:49:07.306 Updating base class ->RocketBay, by JM\COT\GUI\config.bin/CfgWorlds/Sakhal/Names/RocketBay/
14:49:07.306 Updating base class ->Burukan, by JM\COT\GUI\config.bin/CfgWorlds/Sakhal/Names/Burukan/
14:49:07.306 Updating base class ->Shantar, by JM\COT\GUI\config.bin/CfgWorlds/Sakhal/Names/Shantar/
14:49:07.306 Updating base class ->Burukan_village1, by JM\COT\GUI\config.bin/CfgWorlds/Sakhal/Names/Burukan_village1/
14:49:07.306 Updating base class ->Burukan_village2, by JM\COT\GUI\config.bin/CfgWorlds/Sakhal/Names/Burukan_village2/
14:49:07.306 Updating base class ->Burukan_village3, by JM\COT\GUI\config.bin/CfgWorlds/Sakhal/Names/Burukan_village3/
14:49:07.306 Updating base class ->Burukan_village4, by JM\COT\GUI\config.bin/CfgWorlds/Sakhal/Names/Burukan_village4/
14:49:07.306 Updating base class ->Burukan_Mys, by JM\COT\GUI\config.bin/CfgWorlds/Sakhal/Names/Burukan_Mys/
14:49:07.307 Updating base class MapDefaults->, by LBmaster_Core\mapconfig\config.cpp/RscMapControl/
14:49:07.307 Updating base class Names->, by LBmaster_Core\mapconfig\config.cpp/CfgWorlds/ChernarusPlus/Names/
14:49:07.307 Updating base class Settlement_Chernogorsk->, by LBmaster_Core\mapconfig\config.cpp/CfgWorlds/ChernarusPlus/Names/Settlement_Chernogorsk/
14:49:07.307 Updating base class Settlement_Novodmitrovsk->, by LBmaster_Core\mapconfig\config.cpp/CfgWorlds/ChernarusPlus/Names/Settlement_Novodmitrovsk/
14:49:07.307 Updating base class Settlement_Novoselki->, by LBmaster_Core\mapconfig\config.cpp/CfgWorlds/ChernarusPlus/Names/Settlement_Novoselki/
14:49:07.307 Updating base class Settlement_Dubovo->, by LBmaster_Core\mapconfig\config.cpp/CfgWorlds/ChernarusPlus/Names/Settlement_Dubovo/
14:49:07.307 Updating base class Settlement_Vysotovo->, by LBmaster_Core\mapconfig\config.cpp/CfgWorlds/ChernarusPlus/Names/Settlement_Vysotovo/
14:49:07.307 Updating base class Settlement_Zelenogorsk->, by LBmaster_Core\mapconfig\config.cpp/CfgWorlds/ChernarusPlus/Names/Settlement_Zelenogorsk/
14:49:07.307 Updating base class Settlement_Berezino->, by LBmaster_Core\mapconfig\config.cpp/CfgWorlds/ChernarusPlus/Names/Settlement_Berezino/
14:49:07.307 Updating base class Settlement_Elektrozavodsk->, by LBmaster_Core\mapconfig\config.cpp/CfgWorlds/ChernarusPlus/Names/Settlement_Elektrozavodsk/
14:49:07.307 Updating base class Settlement_NovayaPetrovka->, by LBmaster_Core\mapconfig\config.cpp/CfgWorlds/ChernarusPlus/Names/Settlement_NovayaPetrovka/
14:49:07.307 Updating base class Settlement_Gorka->, by LBmaster_Core\mapconfig\config.cpp/CfgWorlds/ChernarusPlus/Names/Settlement_Gorka/
14:49:07.307 Updating base class Settlement_Solnechny->, by LBmaster_Core\mapconfig\config.cpp/CfgWorlds/ChernarusPlus/Names/Settlement_Solnechny/
14:49:07.307 Updating base class Settlement_StarySobor->, by LBmaster_Core\mapconfig\config.cpp/CfgWorlds/ChernarusPlus/Names/Settlement_StarySobor/
14:49:07.307 Updating base class Settlement_Vybor->, by LBmaster_Core\mapconfig\config.cpp/CfgWorlds/ChernarusPlus/Names/Settlement_Vybor/
14:49:07.307 Updating base class Settlement_Severograd->, by LBmaster_Core\mapconfig\config.cpp/CfgWorlds/ChernarusPlus/Names/Settlement_Severograd/
14:49:07.307 Updating base class Settlement_Bor->, by LBmaster_Core\mapconfig\config.cpp/CfgWorlds/ChernarusPlus/Names/Settlement_Bor/
14:49:07.307 Updating base class Settlement_Svetloyarsk->, by LBmaster_Core\mapconfig\config.cpp/CfgWorlds/ChernarusPlus/Names/Settlement_Svetloyarsk/
14:49:07.307 Updating base class Settlement_Krasnostav->, by LBmaster_Core\mapconfig\config.cpp/CfgWorlds/ChernarusPlus/Names/Settlement_Krasnostav/
14:49:07.307 Updating base class Settlement_ChernayaPolyana->, by LBmaster_Core\mapconfig\config.cpp/CfgWorlds/ChernarusPlus/Names/Settlement_ChernayaPolyana/
14:49:07.307 Updating base class Settlement_Polyana->, by LBmaster_Core\mapconfig\config.cpp/CfgWorlds/ChernarusPlus/Names/Settlement_Polyana/
14:49:07.307 Updating base class Settlement_Tulga->, by LBmaster_Core\mapconfig\config.cpp/CfgWorlds/ChernarusPlus/Names/Settlement_Tulga/
14:49:07.307 Updating base class Settlement_Msta->, by LBmaster_Core\mapconfig\config.cpp/CfgWorlds/ChernarusPlus/Names/Settlement_Msta/
14:49:07.307 Updating base class Settlement_Staroye->, by LBmaster_Core\mapconfig\config.cpp/CfgWorlds/ChernarusPlus/Names/Settlement_Staroye/
14:49:07.307 Updating base class Settlement_Shakhovka->, by LBmaster_Core\mapconfig\config.cpp/CfgWorlds/ChernarusPlus/Names/Settlement_Shakhovka/
14:49:07.307 Updating base class Settlement_Dolina->, by LBmaster_Core\mapconfig\config.cpp/CfgWorlds/ChernarusPlus/Names/Settlement_Dolina/
14:49:07.307 Updating base class Settlement_Orlovets->, by LBmaster_Core\mapconfig\config.cpp/CfgWorlds/ChernarusPlus/Names/Settlement_Orlovets/
14:49:07.307 Updating base class Settlement_NovySobor->, by LBmaster_Core\mapconfig\config.cpp/CfgWorlds/ChernarusPlus/Names/Settlement_NovySobor/
14:49:07.307 Updating base class Settlement_Kabanino->, by LBmaster_Core\mapconfig\config.cpp/CfgWorlds/ChernarusPlus/Names/Settlement_Kabanino/
14:49:07.307 Updating base class Settlement_Mogilevka->, by LBmaster_Core\mapconfig\config.cpp/CfgWorlds/ChernarusPlus/Names/Settlement_Mogilevka/
14:49:07.307 Updating base class Settlement_Nadezhdino->, by LBmaster_Core\mapconfig\config.cpp/CfgWorlds/ChernarusPlus/Names/Settlement_Nadezhdino/
14:49:07.307 Updating base class Settlement_Guglovo->, by LBmaster_Core\mapconfig\config.cpp/CfgWorlds/ChernarusPlus/Names/Settlement_Guglovo/
14:49:07.307 Updating base class Settlement_Kamyshovo->, by LBmaster_Core\mapconfig\config.cpp/CfgWorlds/ChernarusPlus/Names/Settlement_Kamyshovo/
14:49:07.307 Updating base class Settlement_Pusta->, by LBmaster_Core\mapconfig\config.cpp/CfgWorlds/ChernarusPlus/Names/Settlement_Pusta/
14:49:07.307 Updating base class Settlement_Dubrovka->, by LBmaster_Core\mapconfig\config.cpp/CfgWorlds/ChernarusPlus/Names/Settlement_Dubrovka/
14:49:07.307 Updating base class Settlement_VyshnayaDubrovka->, by LBmaster_Core\mapconfig\config.cpp/CfgWorlds/ChernarusPlus/Names/Settlement_VyshnayaDubrovka/
14:49:07.307 Updating base class Settlement_Khelm->, by LBmaster_Core\mapconfig\config.cpp/CfgWorlds/ChernarusPlus/Names/Settlement_Khelm/
14:49:07.307 Updating base class Settlement_Olsha->, by LBmaster_Core\mapconfig\config.cpp/CfgWorlds/ChernarusPlus/Names/Settlement_Olsha/
14:49:07.307 Updating base class Settlement_Gvozdno->, by LBmaster_Core\mapconfig\config.cpp/CfgWorlds/ChernarusPlus/Names/Settlement_Gvozdno/
14:49:07.307 Updating base class Settlement_Grishino->, by LBmaster_Core\mapconfig\config.cpp/CfgWorlds/ChernarusPlus/Names/Settlement_Grishino/
14:49:07.307 Updating base class Settlement_Rogovo->, by LBmaster_Core\mapconfig\config.cpp/CfgWorlds/ChernarusPlus/Names/Settlement_Rogovo/
14:49:07.307 Updating base class Settlement_Pogorevka->, by LBmaster_Core\mapconfig\config.cpp/CfgWorlds/ChernarusPlus/Names/Settlement_Pogorevka/
14:49:07.307 Updating base class Settlement_Pustoshka->, by LBmaster_Core\mapconfig\config.cpp/CfgWorlds/ChernarusPlus/Names/Settlement_Pustoshka/
14:49:07.307 Updating base class Settlement_Kozlovka->, by LBmaster_Core\mapconfig\config.cpp/CfgWorlds/ChernarusPlus/Names/Settlement_Kozlovka/
14:49:07.307 Updating base class Settlement_Karmanovka->, by LBmaster_Core\mapconfig\config.cpp/CfgWorlds/ChernarusPlus/Names/Settlement_Karmanovka/
14:49:07.307 Updating base class Settlement_Balota->, by LBmaster_Core\mapconfig\config.cpp/CfgWorlds/ChernarusPlus/Names/Settlement_Balota/
14:49:07.307 Updating base class Settlement_Komarovo->, by LBmaster_Core\mapconfig\config.cpp/CfgWorlds/ChernarusPlus/Names/Settlement_Komarovo/
14:49:07.307 Updating base class Settlement_Kamenka->, by LBmaster_Core\mapconfig\config.cpp/CfgWorlds/ChernarusPlus/Names/Settlement_Kamenka/
14:49:07.307 Updating base class Settlement_Myshkino->, by LBmaster_Core\mapconfig\config.cpp/CfgWorlds/ChernarusPlus/Names/Settlement_Myshkino/
14:49:07.307 Updating base class Settlement_Pavlovo->, by LBmaster_Core\mapconfig\config.cpp/CfgWorlds/ChernarusPlus/Names/Settlement_Pavlovo/
14:49:07.307 Updating base class Settlement_Lopatino->, by LBmaster_Core\mapconfig\config.cpp/CfgWorlds/ChernarusPlus/Names/Settlement_Lopatino/
14:49:07.307 Updating base class Settlement_Vyshnoye->, by LBmaster_Core\mapconfig\config.cpp/CfgWorlds/ChernarusPlus/Names/Settlement_Vyshnoye/
14:49:07.307 Updating base class Settlement_Prigorodki->, by LBmaster_Core\mapconfig\config.cpp/CfgWorlds/ChernarusPlus/Names/Settlement_Prigorodki/
14:49:07.307 Updating base class Settlement_Drozhino->, by LBmaster_Core\mapconfig\config.cpp/CfgWorlds/ChernarusPlus/Names/Settlement_Drozhino/
14:49:07.307 Updating base class Settlement_Sosnovka->, by LBmaster_Core\mapconfig\config.cpp/CfgWorlds/ChernarusPlus/Names/Settlement_Sosnovka/
14:49:07.307 Updating base class Settlement_Nizhneye->, by LBmaster_Core\mapconfig\config.cpp/CfgWorlds/ChernarusPlus/Names/Settlement_Nizhneye/
14:49:07.307 Updating base class Settlement_Pulkovo->, by LBmaster_Core\mapconfig\config.cpp/CfgWorlds/ChernarusPlus/Names/Settlement_Pulkovo/
14:49:07.307 Updating base class Settlement_Berezhki->, by LBmaster_Core\mapconfig\config.cpp/CfgWorlds/ChernarusPlus/Names/Settlement_Berezhki/
14:49:07.307 Updating base class Settlement_Turovo->, by LBmaster_Core\mapconfig\config.cpp/CfgWorlds/ChernarusPlus/Names/Settlement_Turovo/
14:49:07.307 Updating base class Settlement_BelayaPolyana->, by LBmaster_Core\mapconfig\config.cpp/CfgWorlds/ChernarusPlus/Names/Settlement_BelayaPolyana/
14:49:07.307 Updating base class Settlement_Dobroye->, by LBmaster_Core\mapconfig\config.cpp/CfgWorlds/ChernarusPlus/Names/Settlement_Dobroye/
14:49:07.307 Updating base class Settlement_Nagornoye->, by LBmaster_Core\mapconfig\config.cpp/CfgWorlds/ChernarusPlus/Names/Settlement_Nagornoye/
14:49:07.307 Updating base class Settlement_Svergino->, by LBmaster_Core\mapconfig\config.cpp/CfgWorlds/ChernarusPlus/Names/Settlement_Svergino/
14:49:07.307 Updating base class Settlement_Ratnoye->, by LBmaster_Core\mapconfig\config.cpp/CfgWorlds/ChernarusPlus/Names/Settlement_Ratnoye/
14:49:07.307 Updating base class Settlement_Kamensk->, by LBmaster_Core\mapconfig\config.cpp/CfgWorlds/ChernarusPlus/Names/Settlement_Kamensk/
14:49:07.307 Updating base class Settlement_Krasnoye->, by LBmaster_Core\mapconfig\config.cpp/CfgWorlds/ChernarusPlus/Names/Settlement_Krasnoye/
14:49:07.307 Updating base class Settlement_StaryYar->, by LBmaster_Core\mapconfig\config.cpp/CfgWorlds/ChernarusPlus/Names/Settlement_StaryYar/
14:49:07.307 Updating base class Settlement_Polesovo->, by LBmaster_Core\mapconfig\config.cpp/CfgWorlds/ChernarusPlus/Names/Settlement_Polesovo/
14:49:07.307 Updating base class Settlement_Tisy->, by LBmaster_Core\mapconfig\config.cpp/CfgWorlds/ChernarusPlus/Names/Settlement_Tisy/
14:49:07.307 Updating base class Settlement_Topolniki->, by LBmaster_Core\mapconfig\config.cpp/CfgWorlds/ChernarusPlus/Names/Settlement_Topolniki/
14:49:07.307 Updating base class Settlement_Zaprudnoye->, by LBmaster_Core\mapconfig\config.cpp/CfgWorlds/ChernarusPlus/Names/Settlement_Zaprudnoye/
14:49:07.307 Updating base class Settlement_Sinystok->, by LBmaster_Core\mapconfig\config.cpp/CfgWorlds/ChernarusPlus/Names/Settlement_Sinystok/
14:49:07.307 Updating base class Settlement_Vavilovo->, by LBmaster_Core\mapconfig\config.cpp/CfgWorlds/ChernarusPlus/Names/Settlement_Vavilovo/
14:49:07.307 Updating base class Settlement_Kumyrna->, by LBmaster_Core\mapconfig\config.cpp/CfgWorlds/ChernarusPlus/Names/Settlement_Kumyrna/
14:49:07.307 Updating base class Settlement_Kalinovka->, by LBmaster_Core\mapconfig\config.cpp/CfgWorlds/ChernarusPlus/Names/Settlement_Kalinovka/
14:49:07.307 Updating base class Settlement_Bogatyrka->, by LBmaster_Core\mapconfig\config.cpp/CfgWorlds/ChernarusPlus/Names/Settlement_Bogatyrka/
14:49:07.307 Updating base class Settlement_SvyatoyRomanSkiResort->, by LBmaster_Core\mapconfig\config.cpp/CfgWorlds/ChernarusPlus/Names/Settlement_SvyatoyRomanSkiResort/
14:49:07.307 Updating base class Settlement_SKVSChBiathlonArena->, by LBmaster_Core\mapconfig\config.cpp/CfgWorlds/ChernarusPlus/Names/Settlement_SKVSChBiathlonArena/
14:49:07.307 Updating base class Settlement_Zvir->, by LBmaster_Core\mapconfig\config.cpp/CfgWorlds/ChernarusPlus/Names/Settlement_Zvir/
14:49:07.307 Updating base class Settlement_Zabolotye->, by LBmaster_Core\mapconfig\config.cpp/CfgWorlds/ChernarusPlus/Names/Settlement_Zabolotye/
14:49:07.307 Updating base class Settlement_Galkino->, by LBmaster_Core\mapconfig\config.cpp/CfgWorlds/ChernarusPlus/Names/Settlement_Galkino/
14:49:07.307 Updating base class Camp_Arsenovo->, by LBmaster_Core\mapconfig\config.cpp/CfgWorlds/ChernarusPlus/Names/Camp_Arsenovo/
14:49:07.307 Updating base class Camp_Stroytel->, by LBmaster_Core\mapconfig\config.cpp/CfgWorlds/ChernarusPlus/Names/Camp_Stroytel/
14:49:07.307 Updating base class Camp_Romashka->, by LBmaster_Core\mapconfig\config.cpp/CfgWorlds/ChernarusPlus/Names/Camp_Romashka/
14:49:07.307 Updating base class Camp_Kometa->, by LBmaster_Core\mapconfig\config.cpp/CfgWorlds/ChernarusPlus/Names/Camp_Kometa/
14:49:07.307 Updating base class Camp_Druzhba->, by LBmaster_Core\mapconfig\config.cpp/CfgWorlds/ChernarusPlus/Names/Camp_Druzhba/
14:49:07.307 Updating base class Camp_Nadezhda->, by LBmaster_Core\mapconfig\config.cpp/CfgWorlds/ChernarusPlus/Names/Camp_Nadezhda/
14:49:07.307 Updating base class Camp_YouthPioneer->, by LBmaster_Core\mapconfig\config.cpp/CfgWorlds/ChernarusPlus/Names/Camp_YouthPioneer/
14:49:07.307 Updating base class Camp_ProudChernarus->, by LBmaster_Core\mapconfig\config.cpp/CfgWorlds/ChernarusPlus/Names/Camp_ProudChernarus/
14:49:07.307 Updating base class Camp_Shkolnik->, by LBmaster_Core\mapconfig\config.cpp/CfgWorlds/ChernarusPlus/Names/Camp_Shkolnik/
14:49:07.307 Updating base class Camp_Pobeda->, by LBmaster_Core\mapconfig\config.cpp/CfgWorlds/ChernarusPlus/Names/Camp_Pobeda/
14:49:07.307 Updating base class Camp_Metalurg->, by LBmaster_Core\mapconfig\config.cpp/CfgWorlds/ChernarusPlus/Names/Camp_Metalurg/
14:49:07.307 Updating base class Hill_Zelenayagora->, by LBmaster_Core\mapconfig\config.cpp/CfgWorlds/ChernarusPlus/Names/Hill_Zelenayagora/
14:49:07.307 Updating base class Local_Dichina->, by LBmaster_Core\mapconfig\config.cpp/CfgWorlds/ChernarusPlus/Names/Local_Dichina/
14:49:07.307 Updating base class Local_Novylug->, by LBmaster_Core\mapconfig\config.cpp/CfgWorlds/ChernarusPlus/Names/Local_Novylug/
14:49:07.307 Updating base class Local_Staryeluga->, by LBmaster_Core\mapconfig\config.cpp/CfgWorlds/ChernarusPlus/Names/Local_Staryeluga/
14:49:07.307 Updating base class Hill_Vysota->, by LBmaster_Core\mapconfig\config.cpp/CfgWorlds/ChernarusPlus/Names/Hill_Vysota/
14:49:07.307 Updating base class Hill_Kopyto->, by LBmaster_Core\mapconfig\config.cpp/CfgWorlds/ChernarusPlus/Names/Hill_Kopyto/
14:49:07.307 Updating base class Local_Grubyeskaly->, by LBmaster_Core\mapconfig\config.cpp/CfgWorlds/ChernarusPlus/Names/Local_Grubyeskaly/
14:49:07.307 Updating base class Local_Chernyles->, by LBmaster_Core\mapconfig\config.cpp/CfgWorlds/ChernarusPlus/Names/Local_Chernyles/
14:49:07.307 Updating base class Hill_Altar->, by LBmaster_Core\mapconfig\config.cpp/CfgWorlds/ChernarusPlus/Names/Hill_Altar/
14:49:07.307 Updating base class Local_RadioZenit->, by LBmaster_Core\mapconfig\config.cpp/CfgWorlds/ChernarusPlus/Names/Local_RadioZenit/
14:49:07.307 Updating base class Hill_PikKozlova->, by LBmaster_Core\mapconfig\config.cpp/CfgWorlds/ChernarusPlus/Names/Hill_PikKozlova/
14:49:07.307 Updating base class Local_Pustoykhrebet->, by LBmaster_Core\mapconfig\config.cpp/CfgWorlds/ChernarusPlus/Names/Local_Pustoykhrebet/
14:49:07.307 Updating base class Hill_Bashnya->, by LBmaster_Core\mapconfig\config.cpp/CfgWorlds/ChernarusPlus/Names/Hill_Bashnya/
14:49:07.307 Updating base class Hill_Veresnik->, by LBmaster_Core\mapconfig\config.cpp/CfgWorlds/ChernarusPlus/Names/Hill_Veresnik/
14:49:07.307 Updating base class Hill_Kurgan->, by LBmaster_Core\mapconfig\config.cpp/CfgWorlds/ChernarusPlus/Names/Hill_Kurgan/
14:49:07.307 Updating base class Hill_Kustryk->, by LBmaster_Core\mapconfig\config.cpp/CfgWorlds/ChernarusPlus/Names/Hill_Kustryk/
14:49:07.307 Updating base class Hill_Vetryanayagora->, by LBmaster_Core\mapconfig\config.cpp/CfgWorlds/ChernarusPlus/Names/Hill_Vetryanayagora/
14:49:07.307 Updating base class Hill_Kalmyk->, by LBmaster_Core\mapconfig\config.cpp/CfgWorlds/ChernarusPlus/Names/Hill_Kalmyk/
14:49:07.307 Updating base class Hill_PopIvan->, by LBmaster_Core\mapconfig\config.cpp/CfgWorlds/ChernarusPlus/Names/Hill_PopIvan/
14:49:07.307 Updating base class Hill_Erbenka->, by LBmaster_Core\mapconfig\config.cpp/CfgWorlds/ChernarusPlus/Names/Hill_Erbenka/
14:49:07.307 Updating base class Local_Lesnoykhrebet->, by LBmaster_Core\mapconfig\config.cpp/CfgWorlds/ChernarusPlus/Names/Local_Lesnoykhrebet/
14:49:07.307 Updating base class Hill_Vysokiykamen->, by LBmaster_Core\mapconfig\config.cpp/CfgWorlds/ChernarusPlus/Names/Hill_Vysokiykamen/
14:49:07.307 Updating base class Hill_Dobry->, by LBmaster_Core\mapconfig\config.cpp/CfgWorlds/ChernarusPlus/Names/Hill_Dobry/
14:49:07.307 Updating base class Hill_Baranchik->, by LBmaster_Core\mapconfig\config.cpp/CfgWorlds/ChernarusPlus/Names/Hill_Baranchik/
14:49:07.307 Updating base class Hill_Malinovka->, by LBmaster_Core\mapconfig\config.cpp/CfgWorlds/ChernarusPlus/Names/Hill_Malinovka/
14:49:07.307 Updating base class Hill_Dubina->, by LBmaster_Core\mapconfig\config.cpp/CfgWorlds/ChernarusPlus/Names/Hill_Dubina/
14:49:07.307 Updating base class Hill_Klen->, by LBmaster_Core\mapconfig\config.cpp/CfgWorlds/ChernarusPlus/Names/Hill_Klen/
14:49:07.307 Updating base class Hill_Chernayagora->, by LBmaster_Core\mapconfig\config.cpp/CfgWorlds/ChernarusPlus/Names/Hill_Chernayagora/
14:49:07.307 Updating base class Ruin_Zolotar->, by LBmaster_Core\mapconfig\config.cpp/CfgWorlds/ChernarusPlus/Names/Ruin_Zolotar/
14:49:07.307 Updating base class Hill_Ostry->, by LBmaster_Core\mapconfig\config.cpp/CfgWorlds/ChernarusPlus/Names/Hill_Ostry/
14:49:07.307 Updating base class Hill_Olsha->, by LBmaster_Core\mapconfig\config.cpp/CfgWorlds/ChernarusPlus/Names/Hill_Olsha/
14:49:07.307 Updating base class Marine_Tikhiyzaliv->, by LBmaster_Core\mapconfig\config.cpp/CfgWorlds/ChernarusPlus/Names/Marine_Tikhiyzaliv/
14:49:07.307 Updating base class Marine_Mutnyizaliv->, by LBmaster_Core\mapconfig\config.cpp/CfgWorlds/ChernarusPlus/Names/Marine_Mutnyizaliv/
14:49:07.307 Updating base class Marine_Chernyzaliv->, by LBmaster_Core\mapconfig\config.cpp/CfgWorlds/ChernarusPlus/Names/Marine_Chernyzaliv/
14:49:07.307 Updating base class Marine_Zelenyzaliv->, by LBmaster_Core\mapconfig\config.cpp/CfgWorlds/ChernarusPlus/Names/Marine_Zelenyzaliv/
14:49:07.307 Updating base class Marine_Skalistyproliv->, by LBmaster_Core\mapconfig\config.cpp/CfgWorlds/ChernarusPlus/Names/Marine_Skalistyproliv/
14:49:07.307 Updating base class Marine_Nizhniyzaliv->, by LBmaster_Core\mapconfig\config.cpp/CfgWorlds/ChernarusPlus/Names/Marine_Nizhniyzaliv/
14:49:07.307 Updating base class Marine_ZalivGuba->, by LBmaster_Core\mapconfig\config.cpp/CfgWorlds/ChernarusPlus/Names/Marine_ZalivGuba/
14:49:07.307 Updating base class Marine_Rify->, by LBmaster_Core\mapconfig\config.cpp/CfgWorlds/ChernarusPlus/Names/Marine_Rify/
14:49:07.307 Updating base class Marine_Ivovoyeozero->, by LBmaster_Core\mapconfig\config.cpp/CfgWorlds/ChernarusPlus/Names/Marine_Ivovoyeozero/
14:49:07.307 Updating base class Marine_Chernoyeozero->, by LBmaster_Core\mapconfig\config.cpp/CfgWorlds/ChernarusPlus/Names/Marine_Chernoyeozero/
14:49:07.307 Updating base class Marine_PlotinaTopolka->, by LBmaster_Core\mapconfig\config.cpp/CfgWorlds/ChernarusPlus/Names/Marine_PlotinaTopolka/
14:49:07.307 Updating base class Marine_PlotinaPobeda->, by LBmaster_Core\mapconfig\config.cpp/CfgWorlds/ChernarusPlus/Names/Marine_PlotinaPobeda/
14:49:07.307 Updating base class Marine_PlotinaTishina->, by LBmaster_Core\mapconfig\config.cpp/CfgWorlds/ChernarusPlus/Names/Marine_PlotinaTishina/
14:49:07.307 Updating base class Marine_Ozerko->, by LBmaster_Core\mapconfig\config.cpp/CfgWorlds/ChernarusPlus/Names/Marine_Ozerko/
14:49:07.307 Updating base class Marine_Prud->, by LBmaster_Core\mapconfig\config.cpp/CfgWorlds/ChernarusPlus/Names/Marine_Prud/
14:49:07.307 Updating base class Ruin_Chortovzamok->, by LBmaster_Core\mapconfig\config.cpp/CfgWorlds/ChernarusPlus/Names/Ruin_Chortovzamok/
14:49:07.307 Updating base class Ruin_Zub->, by LBmaster_Core\mapconfig\config.cpp/CfgWorlds/ChernarusPlus/Names/Ruin_Zub/
14:49:07.307 Updating base class Ruin_Rog->, by LBmaster_Core\mapconfig\config.cpp/CfgWorlds/ChernarusPlus/Names/Ruin_Rog/
14:49:07.307 Updating base class Local_Grozovypereval->, by LBmaster_Core\mapconfig\config.cpp/CfgWorlds/ChernarusPlus/Names/Local_Grozovypereval/
14:49:07.307 Updating base class Local_Sosnovypereval->, by LBmaster_Core\mapconfig\config.cpp/CfgWorlds/ChernarusPlus/Names/Local_Sosnovypereval/
14:49:07.307 Updating base class Local_PerevalOreshka->, by LBmaster_Core\mapconfig\config.cpp/CfgWorlds/ChernarusPlus/Names/Local_PerevalOreshka/
14:49:07.307 Updating base class Local_Turovskiypereval->, by LBmaster_Core\mapconfig\config.cpp/CfgWorlds/ChernarusPlus/Names/Local_Turovskiypereval/
14:49:07.307 Updating base class Local_Tridoliny->, by LBmaster_Core\mapconfig\config.cpp/CfgWorlds/ChernarusPlus/Names/Local_Tridoliny/
14:49:07.307 Updating base class Local_Grozovyedoly->, by LBmaster_Core\mapconfig\config.cpp/CfgWorlds/ChernarusPlus/Names/Local_Grozovyedoly/
14:49:07.307 Updating base class Ruin_Klyuch->, by LBmaster_Core\mapconfig\config.cpp/CfgWorlds/ChernarusPlus/Names/Ruin_Klyuch/
14:49:07.307 Updating base class Hill_Lysayagora->, by LBmaster_Core\mapconfig\config.cpp/CfgWorlds/ChernarusPlus/Names/Hill_Lysayagora/
14:49:07.307 Updating base class Marine_Glubokoyeozero->, by LBmaster_Core\mapconfig\config.cpp/CfgWorlds/ChernarusPlus/Names/Marine_Glubokoyeozero/
14:49:07.307 Updating base class Local_Skalka->, by LBmaster_Core\mapconfig\config.cpp/CfgWorlds/ChernarusPlus/Names/Local_Skalka/
14:49:07.307 Updating base class Local_Vidy->, by LBmaster_Core\mapconfig\config.cpp/CfgWorlds/ChernarusPlus/Names/Local_Vidy/
14:49:07.307 Updating base class Hill_Tumannyverkh->, by LBmaster_Core\mapconfig\config.cpp/CfgWorlds/ChernarusPlus/Names/Hill_Tumannyverkh/
14:49:07.307 Updating base class Local_Adamovka->, by LBmaster_Core\mapconfig\config.cpp/CfgWorlds/ChernarusPlus/Names/Local_Adamovka/
14:49:07.307 Updating base class Hill_Shishok->, by LBmaster_Core\mapconfig\config.cpp/CfgWorlds/ChernarusPlus/Names/Hill_Shishok/
14:49:07.307 Updating base class Settlement_Skalisty->, by LBmaster_Core\mapconfig\config.cpp/CfgWorlds/ChernarusPlus/Names/Settlement_Skalisty/
14:49:07.307 Updating base class Ruin_Storozh->, by LBmaster_Core\mapconfig\config.cpp/CfgWorlds/ChernarusPlus/Names/Ruin_Storozh/
14:49:07.307 Updating base class Local_MysGolova->, by LBmaster_Core\mapconfig\config.cpp/CfgWorlds/ChernarusPlus/Names/Local_MysGolova/
14:49:07.307 Updating base class Local_Drakon->, by LBmaster_Core\mapconfig\config.cpp/CfgWorlds/ChernarusPlus/Names/Local_Drakon/
14:49:07.307 Updating base class Local_Otmel->, by LBmaster_Core\mapconfig\config.cpp/CfgWorlds/ChernarusPlus/Names/Local_Otmel/
14:49:07.307 Updating base class Local_MysKrutoy->, by LBmaster_Core\mapconfig\config.cpp/CfgWorlds/ChernarusPlus/Names/Local_MysKrutoy/
14:49:07.307 Updating base class Hill_Tokarnya->, by LBmaster_Core\mapconfig\config.cpp/CfgWorlds/ChernarusPlus/Names/Hill_Tokarnya/
14:49:07.307 Updating base class Hill_Ostrog->, by LBmaster_Core\mapconfig\config.cpp/CfgWorlds/ChernarusPlus/Names/Hill_Ostrog/
14:49:07.307 Updating base class Local_Maryanka->, by LBmaster_Core\mapconfig\config.cpp/CfgWorlds/ChernarusPlus/Names/Local_Maryanka/
14:49:07.307 Updating base class Local_Polonina->, by LBmaster_Core\mapconfig\config.cpp/CfgWorlds/ChernarusPlus/Names/Local_Polonina/
14:49:07.307 Updating base class Local_Kalinka->, by LBmaster_Core\mapconfig\config.cpp/CfgWorlds/ChernarusPlus/Names/Local_Kalinka/
14:49:07.307 Updating base class Hill_Kikimora->, by LBmaster_Core\mapconfig\config.cpp/CfgWorlds/ChernarusPlus/Names/Hill_Kikimora/
14:49:07.307 Updating base class Hill_BolshoyKotel->, by LBmaster_Core\mapconfig\config.cpp/CfgWorlds/ChernarusPlus/Names/Hill_BolshoyKotel/
14:49:07.307 Updating base class Hill_Simurg->, by LBmaster_Core\mapconfig\config.cpp/CfgWorlds/ChernarusPlus/Names/Hill_Simurg/
14:49:07.307 Updating base class Hill_Volchiypik->, by LBmaster_Core\mapconfig\config.cpp/CfgWorlds/ChernarusPlus/Names/Hill_Volchiypik/
14:49:07.307 Updating base class Ruin_Krona->, by LBmaster_Core\mapconfig\config.cpp/CfgWorlds/ChernarusPlus/Names/Ruin_Krona/
14:49:07.307 Updating base class Local_TriKresta->, by LBmaster_Core\mapconfig\config.cpp/CfgWorlds/ChernarusPlus/Names/Local_TriKresta/
14:49:07.307 Updating base class Local_Rostoki->, by LBmaster_Core\mapconfig\config.cpp/CfgWorlds/ChernarusPlus/Names/Local_Rostoki/
14:49:07.307 Updating base class Marine_OrlyeOzero->, by LBmaster_Core\mapconfig\config.cpp/CfgWorlds/ChernarusPlus/Names/Marine_OrlyeOzero/
14:49:07.307 Updating base class Local_Makosh->, by LBmaster_Core\mapconfig\config.cpp/CfgWorlds/ChernarusPlus/Names/Local_Makosh/
14:49:07.307 Updating base class Local_Klenovyipereval->, by LBmaster_Core\mapconfig\config.cpp/CfgWorlds/ChernarusPlus/Names/Local_Klenovyipereval/
14:49:07.307 Updating base class Local_Zmeinykhrebet->, by LBmaster_Core\mapconfig\config.cpp/CfgWorlds/ChernarusPlus/Names/Local_Zmeinykhrebet/
14:49:07.307 Updating base class Hill_Sokol->, by LBmaster_Core\mapconfig\config.cpp/CfgWorlds/ChernarusPlus/Names/Hill_Sokol/
14:49:07.307 Updating base class Local_Krutyeskaly->, by LBmaster_Core\mapconfig\config.cpp/CfgWorlds/ChernarusPlus/Names/Local_Krutyeskaly/
14:49:07.307 Updating base class Local_Bogat->, by LBmaster_Core\mapconfig\config.cpp/CfgWorlds/ChernarusPlus/Names/Local_Bogat/
14:49:07.307 Updating base class Local_Dubnik->, by LBmaster_Core\mapconfig\config.cpp/CfgWorlds/ChernarusPlus/Names/Local_Dubnik/
14:49:07.307 Updating base class Hill_Viselitsa->, by LBmaster_Core\mapconfig\config.cpp/CfgWorlds/ChernarusPlus/Names/Hill_Viselitsa/
14:49:07.307 Updating base class Local_Dazhbog->, by LBmaster_Core\mapconfig\config.cpp/CfgWorlds/ChernarusPlus/Names/Local_Dazhbog/
14:49:07.307 Updating base class Marine_Verbnik->, by LBmaster_Core\mapconfig\config.cpp/CfgWorlds/ChernarusPlus/Names/Marine_Verbnik/
14:49:07.307 Updating base class Local_Medvezhilugi->, by LBmaster_Core\mapconfig\config.cpp/CfgWorlds/ChernarusPlus/Names/Local_Medvezhilugi/
14:49:07.307 Updating base class Ruin_Voron->, by LBmaster_Core\mapconfig\config.cpp/CfgWorlds/ChernarusPlus/Names/Ruin_Voron/
14:49:07.307 Updating base class Ruin_Gnomovzamok->, by LBmaster_Core\mapconfig\config.cpp/CfgWorlds/ChernarusPlus/Names/Ruin_Gnomovzamok/
14:49:07.307 Updating base class Marine_Glaza->, by LBmaster_Core\mapconfig\config.cpp/CfgWorlds/ChernarusPlus/Names/Marine_Glaza/
14:49:07.307 Updating base class Local_KarerKrasnayaZarya->, by LBmaster_Core\mapconfig\config.cpp/CfgWorlds/ChernarusPlus/Names/Local_KarerKrasnayaZarya/
14:49:07.307 Updating base class Local_Matveyevo->, by LBmaster_Core\mapconfig\config.cpp/CfgWorlds/ChernarusPlus/Names/Local_Matveyevo/
14:49:07.307 Updating base class Local_Kotka->, by LBmaster_Core\mapconfig\config.cpp/CfgWorlds/ChernarusPlus/Names/Local_Kotka/
14:49:07.307 Updating base class Local_Chernyeskaly->, by LBmaster_Core\mapconfig\config.cpp/CfgWorlds/ChernarusPlus/Names/Local_Chernyeskaly/
14:49:07.307 Updating base class Hill_SvyatoyRoman->, by LBmaster_Core\mapconfig\config.cpp/CfgWorlds/ChernarusPlus/Names/Hill_SvyatoyRoman/
14:49:07.307 Updating base class Hill_Koman->, by LBmaster_Core\mapconfig\config.cpp/CfgWorlds/ChernarusPlus/Names/Hill_Koman/
14:49:07.307 Updating base class Hill_Mayak->, by LBmaster_Core\mapconfig\config.cpp/CfgWorlds/ChernarusPlus/Names/Hill_Mayak/
14:49:07.307 Updating base class Local_MB_VMC->, by LBmaster_Core\mapconfig\config.cpp/CfgWorlds/ChernarusPlus/Names/Local_MB_VMC/
14:49:07.307 Updating base class Local_MB_Tisy->, by LBmaster_Core\mapconfig\config.cpp/CfgWorlds/ChernarusPlus/Names/Local_MB_Tisy/
14:49:07.307 Updating base class Local_MB_Kamensk->, by LBmaster_Core\mapconfig\config.cpp/CfgWorlds/ChernarusPlus/Names/Local_MB_Kamensk/
14:49:07.307 Updating base class Local_MB_Zeleno->, by LBmaster_Core\mapconfig\config.cpp/CfgWorlds/ChernarusPlus/Names/Local_MB_Zeleno/
14:49:07.307 Updating base class Local_MB_Pavlovo->, by LBmaster_Core\mapconfig\config.cpp/CfgWorlds/ChernarusPlus/Names/Local_MB_Pavlovo/
14:49:07.307 Updating base class Local_AF_Balota->, by LBmaster_Core\mapconfig\config.cpp/CfgWorlds/ChernarusPlus/Names/Local_AF_Balota/
14:49:07.307 Updating base class Local_AF_Krasno->, by LBmaster_Core\mapconfig\config.cpp/CfgWorlds/ChernarusPlus/Names/Local_AF_Krasno/
14:49:07.307 Updating base class Local_AF_Vybor->, by LBmaster_Core\mapconfig\config.cpp/CfgWorlds/ChernarusPlus/Names/Local_AF_Vybor/
14:49:07.307 Updating base class Settlement_Capital->, by LBmaster_Core\mapconfig\config.cpp/CfgWorlds/Sakhal/Names/Settlement_Capital/
14:49:07.307 Updating base class Settlement_CityNorth->, by LBmaster_Core\mapconfig\config.cpp/CfgWorlds/Sakhal/Names/Settlement_CityNorth/
14:49:07.307 Updating base class Settlement_CitySouthEast->, by LBmaster_Core\mapconfig\config.cpp/CfgWorlds/Sakhal/Names/Settlement_CitySouthEast/
14:49:07.307 Updating base class Settlement_CityAirfield->, by LBmaster_Core\mapconfig\config.cpp/CfgWorlds/Sakhal/Names/Settlement_CityAirfield/
14:49:07.307 Updating base class Settlement_VillageSW1->, by LBmaster_Core\mapconfig\config.cpp/CfgWorlds/Sakhal/Names/Settlement_VillageSW1/
14:49:07.307 Updating base class Settlement_VillageSW2->, by LBmaster_Core\mapconfig\config.cpp/CfgWorlds/Sakhal/Names/Settlement_VillageSW2/
14:49:07.307 Updating base class Settlement_VillageSW3->, by LBmaster_Core\mapconfig\config.cpp/CfgWorlds/Sakhal/Names/Settlement_VillageSW3/
14:49:07.307 Updating base class Settlement_VillageS1->, by LBmaster_Core\mapconfig\config.cpp/CfgWorlds/Sakhal/Names/Settlement_VillageS1/
14:49:07.307 Updating base class Settlement_VillageS2->, by LBmaster_Core\mapconfig\config.cpp/CfgWorlds/Sakhal/Names/Settlement_VillageS2/
14:49:07.307 Updating base class Settlement_VillageS3->, by LBmaster_Core\mapconfig\config.cpp/CfgWorlds/Sakhal/Names/Settlement_VillageS3/
14:49:07.307 Updating base class Settlement_VillageM1->, by LBmaster_Core\mapconfig\config.cpp/CfgWorlds/Sakhal/Names/Settlement_VillageM1/
14:49:07.307 Updating base class Settlement_VillageM2->, by LBmaster_Core\mapconfig\config.cpp/CfgWorlds/Sakhal/Names/Settlement_VillageM2/
14:49:07.307 Updating base class Settlement_VillageM3->, by LBmaster_Core\mapconfig\config.cpp/CfgWorlds/Sakhal/Names/Settlement_VillageM3/
14:49:07.307 Updating base class Settlement_VillageM4->, by LBmaster_Core\mapconfig\config.cpp/CfgWorlds/Sakhal/Names/Settlement_VillageM4/
14:49:07.307 Updating base class Settlement_VillageM5->, by LBmaster_Core\mapconfig\config.cpp/CfgWorlds/Sakhal/Names/Settlement_VillageM5/
14:49:07.307 Updating base class Settlement_VillageSouthEast->, by LBmaster_Core\mapconfig\config.cpp/CfgWorlds/Sakhal/Names/Settlement_VillageSouthEast/
14:49:07.307 Updating base class Settlement_VillageEast1->, by LBmaster_Core\mapconfig\config.cpp/CfgWorlds/Sakhal/Names/Settlement_VillageEast1/
14:49:07.307 Updating base class Settlement_VillageEast2->, by LBmaster_Core\mapconfig\config.cpp/CfgWorlds/Sakhal/Names/Settlement_VillageEast2/
14:49:07.307 Updating base class Settlement_VillageNorthEast1->, by LBmaster_Core\mapconfig\config.cpp/CfgWorlds/Sakhal/Names/Settlement_VillageNorthEast1/
14:49:07.307 Updating base class Settlement_OreHarbor->, by LBmaster_Core\mapconfig\config.cpp/CfgWorlds/Sakhal/Names/Settlement_OreHarbor/
14:49:07.307 Updating base class Settlement_VillageNorthEast2->, by LBmaster_Core\mapconfig\config.cpp/CfgWorlds/Sakhal/Names/Settlement_VillageNorthEast2/
14:49:07.307 Updating base class Settlement_VillageNorth1->, by LBmaster_Core\mapconfig\config.cpp/CfgWorlds/Sakhal/Names/Settlement_VillageNorth1/
14:49:07.307 Updating base class Settlement_VillageNorth2->, by LBmaster_Core\mapconfig\config.cpp/CfgWorlds/Sakhal/Names/Settlement_VillageNorth2/
14:49:07.307 Updating base class Settlement_VillageNorth3->, by LBmaster_Core\mapconfig\config.cpp/CfgWorlds/Sakhal/Names/Settlement_VillageNorth3/
14:49:07.307 Updating base class Settlement_VillageNorth4->, by LBmaster_Core\mapconfig\config.cpp/CfgWorlds/Sakhal/Names/Settlement_VillageNorth4/
14:49:07.307 Updating base class Settlement_VillageNorthWest1->, by LBmaster_Core\mapconfig\config.cpp/CfgWorlds/Sakhal/Names/Settlement_VillageNorthWest1/
14:49:07.307 Updating base class Settlement_VillageNorthWest2->, by LBmaster_Core\mapconfig\config.cpp/CfgWorlds/Sakhal/Names/Settlement_VillageNorthWest2/
14:49:07.307 Updating base class Settlement_VillageNorthWest3->, by LBmaster_Core\mapconfig\config.cpp/CfgWorlds/Sakhal/Names/Settlement_VillageNorthWest3/
14:49:07.307 Updating base class Settlement_VillageIcyRidge->, by LBmaster_Core\mapconfig\config.cpp/CfgWorlds/Sakhal/Names/Settlement_VillageIcyRidge/
14:49:07.307 Updating base class Hill_NW1->, by LBmaster_Core\mapconfig\config.cpp/CfgWorlds/Sakhal/Names/Hill_NW1/
14:49:07.307 Updating base class Hill_NW2->, by LBmaster_Core\mapconfig\config.cpp/CfgWorlds/Sakhal/Names/Hill_NW2/
14:49:07.307 Updating base class Hill_Volcano->, by LBmaster_Core\mapconfig\config.cpp/CfgWorlds/Sakhal/Names/Hill_Volcano/
14:49:07.307 Updating base class Hill_N1->, by LBmaster_Core\mapconfig\config.cpp/CfgWorlds/Sakhal/Names/Hill_N1/
14:49:07.307 Updating base class Hill_N2->, by LBmaster_Core\mapconfig\config.cpp/CfgWorlds/Sakhal/Names/Hill_N2/
14:49:07.307 Updating base class Hill_M1->, by LBmaster_Core\mapconfig\config.cpp/CfgWorlds/Sakhal/Names/Hill_M1/
14:49:07.307 Updating base class Hill_M2->, by LBmaster_Core\mapconfig\config.cpp/CfgWorlds/Sakhal/Names/Hill_M2/
14:49:07.307 Updating base class Hill_E->, by LBmaster_Core\mapconfig\config.cpp/CfgWorlds/Sakhal/Names/Hill_E/
14:49:07.307 Updating base class Industrial_Quarry->, by LBmaster_Core\mapconfig\config.cpp/CfgWorlds/Sakhal/Names/Industrial_Quarry/
14:49:07.307 Updating base class Industrial_Geoplant->, by LBmaster_Core\mapconfig\config.cpp/CfgWorlds/Sakhal/Names/Industrial_Geoplant/
14:49:07.307 Updating base class Island_1->, by LBmaster_Core\mapconfig\config.cpp/CfgWorlds/Sakhal/Names/Island_1/
14:49:07.307 Updating base class Island_2->, by LBmaster_Core\mapconfig\config.cpp/CfgWorlds/Sakhal/Names/Island_2/
14:49:07.307 Updating base class Island_3->, by LBmaster_Core\mapconfig\config.cpp/CfgWorlds/Sakhal/Names/Island_3/
14:49:07.307 Updating base class Island_4->, by LBmaster_Core\mapconfig\config.cpp/CfgWorlds/Sakhal/Names/Island_4/
14:49:07.307 Updating base class Island_5->, by LBmaster_Core\mapconfig\config.cpp/CfgWorlds/Sakhal/Names/Island_5/
14:49:07.307 Updating base class Island_6->, by LBmaster_Core\mapconfig\config.cpp/CfgWorlds/Sakhal/Names/Island_6/
14:49:07.307 Updating base class Island_7->, by LBmaster_Core\mapconfig\config.cpp/CfgWorlds/Sakhal/Names/Island_7/
14:49:07.307 Updating base class Island_8->, by LBmaster_Core\mapconfig\config.cpp/CfgWorlds/Sakhal/Names/Island_8/
14:49:07.307 Updating base class Island_9->, by LBmaster_Core\mapconfig\config.cpp/CfgWorlds/Sakhal/Names/Island_9/
14:49:07.307 Updating base class Island_10->, by LBmaster_Core\mapconfig\config.cpp/CfgWorlds/Sakhal/Names/Island_10/
14:49:07.307 Updating base class Island_11->, by LBmaster_Core\mapconfig\config.cpp/CfgWorlds/Sakhal/Names/Island_11/
14:49:07.307 Updating base class Island_12->, by LBmaster_Core\mapconfig\config.cpp/CfgWorlds/Sakhal/Names/Island_12/
14:49:07.307 Updating base class Island_13->, by LBmaster_Core\mapconfig\config.cpp/CfgWorlds/Sakhal/Names/Island_13/
14:49:07.307 Updating base class RocketBay->, by LBmaster_Core\mapconfig\config.cpp/CfgWorlds/Sakhal/Names/RocketBay/
14:49:07.307 Updating base class Burukan->, by LBmaster_Core\mapconfig\config.cpp/CfgWorlds/Sakhal/Names/Burukan/
14:49:07.307 Updating base class Shantar->, by LBmaster_Core\mapconfig\config.cpp/CfgWorlds/Sakhal/Names/Shantar/
14:49:07.307 Updating base class Burukan_village1->, by LBmaster_Core\mapconfig\config.cpp/CfgWorlds/Sakhal/Names/Burukan_village1/
14:49:07.307 Updating base class Burukan_village2->, by LBmaster_Core\mapconfig\config.cpp/CfgWorlds/Sakhal/Names/Burukan_village2/
14:49:07.307 Updating base class Burukan_village3->, by LBmaster_Core\mapconfig\config.cpp/CfgWorlds/Sakhal/Names/Burukan_village3/
14:49:07.307 Updating base class Burukan_village4->, by LBmaster_Core\mapconfig\config.cpp/CfgWorlds/Sakhal/Names/Burukan_village4/
14:49:07.307 Updating base class Burukan_Mys->, by LBmaster_Core\mapconfig\config.cpp/CfgWorlds/Sakhal/Names/Burukan_Mys/
14:49:07.319 Updating base class Inventory_Base->Container_Base, by ParagonGear\pouches\frontpouch\config.bin/cfgVehicles/Morphine/
14:49:07.319 Updating base class Inventory_Base->Container_Base, by ParagonGear\pouches\frontpouch\config.bin/cfgVehicles/Epinephrine/
14:49:07.843 Updating base class ->Inventory_Base, by DZ\gear\consumables\config.bin/CfgVehicles/Battery9V/
14:49:08.96 Updating base class ->Magazine_Base, by DZ\weapons\ammunition\config.bin/CfgMagazines/Ammunition_Base/
14:49:08.121 Updating base class new_closeShotSMG_SoundShader->, by BUCA_WEAPONS\weapons\scout\config.bin/CfgSoundShaders/scout_closeShot_SoundShader/
14:49:08.121 Updating base class new_midShotSMG_SoundShader->, by BUCA_WEAPONS\weapons\scout\config.bin/CfgSoundShaders/scout_midShot_SoundShader/
14:49:08.122 Updating base class new_closeShotSMG_SoundShader->, by BUCA_WEAPONS\weapons\sv98\config.bin/CfgSoundShaders/sv98_closeShot_SoundShader/
14:49:08.122 Updating base class new_midShotSMG_SoundShader->, by BUCA_WEAPONS\weapons\sv98\config.bin/CfgSoundShaders/sv98_midShot_SoundShader/
14:49:08.126 Updating base class ->Clothing, by DZ\characters\glasses\config.bin/CfgVehicles/TacticalGoggles/
14:49:08.126 Updating base class ->ItemOptics, by DZ\characters\glasses\config.bin/CfgVehicles/NVGoggles/
14:49:08.133 Updating base class ExplosivesBase->Inventory_Base, by ParagonStorage\config.bin/CfgVehicles/Grenade_Base/
14:49:08.133 Updating base class ->Inventory_Base, by BaseBuildingPlus\config.bin/CfgVehicles/BBP_KIT_BASE/
14:49:08.133 Updating base class ->Inventory_Base, by BaseBuildingPlus\config.bin/CfgVehicles/BBP_WALL_BASE/
14:49:08.133 Updating base class ->BBP_WALL_BASE, by BaseBuildingPlus\config.bin/CfgVehicles/BBP_GATE_BASE/
14:49:08.133 Updating base class ->BBP_WALL_BASE, by BaseBuildingPlus\config.bin/CfgVehicles/BBP_DOOR_BASE/
14:49:08.475 ENGINE    (W): No module info used, trying to identify -> 0xEB90000

14:49:08.475 ENGINE    (W): Adjusting job system settings to have at least one job worker thread.

14:49:08.488 String "STR_MOD_EXPANSION_AUTHOR" not found (not in localization table)
14:49:08.544 [Inputs] Loading inputs default "bin/constants.xml"
